{'dataset': {'crop_ratio': [0.9, 1.0],
             'default_fps': None,
             'downsample_rate': 1,
             'feat_folder': 'E:/thumos/i3d_features',
             'feat_stride': 4,
             'file_ext': '.npy',
             'file_prefix': None,
             'force_upsampling': False,
             'input_dim': 2048,
             'json_file': 'E:/thumos/annotations/thumos14.json',
             'max_seq_len': 2304,
             'num_classes': 20,
             'num_frames': 16,
             'trunc_thresh': 0.5},
 'dataset_name': 'thumos',
 'devices': ['cuda:0'],
 'init_rand_seed': 1234567891,
 'loader': {'batch_size': 2, 'num_workers': 0},
 'model': {'backbone_arch': [2, 2, 5],
           'backbone_type': 'SGP',
           'boudary_kernel_size': 3,
           'downsample_type': 'max',
           'embd_dim': 512,
           'embd_kernel_size': 3,
           'embd_with_ln': True,
           'fpn_dim': 512,
           'fpn_type': 'identity',
           'fpn_with_ln': True,
           'head_dim': 512,
           'head_kernel_size': 3,
           'head_num_layers': 3,
           'head_with_ln': True,
           'init_conv_vars': 0,
           'input_dim': 2048,
           'input_noise': 0.0005,
           'iou_weight_power': 0.2,
           'k': 5,
           'max_buffer_len_factor': 6.0,
           'max_seq_len': 2304,
           'n_sgp_win_size': 3,
           'num_bins': 16,
           'num_classes': 20,
           'regression_range': [[0, 4],
                                [4, 8],
                                [8, 16],
                                [16, 32],
                                [32, 64],
                                [64, 10000]],
           'scale_factor': 2,
           'sgp_mlp_dim': 768,
           'test_cfg': {'duration_thresh': 0.05,
                        'ext_score_file': None,
                        'iou_threshold': 0.1,
                        'max_seg_num': 2000,
                        'min_score': 0.001,
                        'multiclass_nms': True,
                        'nms_method': 'soft',
                        'nms_sigma': 0.5,
                        'pre_nms_thresh': 0.001,
                        'pre_nms_topk': 2000,
                        'voting_thresh': 0.7},
           'train_cfg': {'center_sample': 'radius',
                         'center_sample_radius': 1.5,
                         'clip_grad_l2norm': 1.0,
                         'cls_prior_prob': 0.01,
                         'dropout': 0.0,
                         'droppath': 0.1,
                         'head_empty_cls': [],
                         'init_loss_norm': 100,
                         'label_smoothing': 0.0,
                         'loss_type': 'diou',
                         'loss_weight': 1.0},
           'use_abs_pe': False,
           'use_trident_head': True},
 'model_name': 'TriDet',
 'opt': {'epochs': 20,
         'eta_min': 1e-08,
         'learning_rate': 0.0001,
         'momentum': 0.9,
         'schedule_gamma': 0.1,
         'schedule_steps': [],
         'schedule_type': 'cosine',
         'type': 'AdamW',
         'warmup': True,
         'warmup_epochs': 20,
         'weight_decay': 0.025},
 'output_folder': './ckpt/',
 'test_cfg': {'duration_thresh': 0.05,
              'ext_score_file': None,
              'iou_threshold': 0.1,
              'max_seg_num': 2000,
              'min_score': 0.001,
              'multiclass_nms': True,
              'nms_method': 'soft',
              'nms_sigma': 0.5,
              'pre_nms_thresh': 0.001,
              'pre_nms_topk': 2000,
              'voting_thresh': 0.7},
 'train_cfg': {'center_sample': 'radius',
               'center_sample_radius': 1.5,
               'clip_grad_l2norm': 1.0,
               'cls_prior_prob': 0.01,
               'dropout': 0.0,
               'droppath': 0.1,
               'head_empty_cls': [],
               'init_loss_norm': 100,
               'label_smoothing': 0.0,
               'loss_type': 'diou',
               'loss_weight': 1.0},
 'train_split': ['validation'],
 'val_split': ['test']}
Using model EMA ...

Start training model TriDet ...

[Train]: Epoch 0 started
Epoch: [000][00010/00100]	Time 0.67 (0.67)	Loss 1.11 (1.11)
		cls_loss 0.59 (0.59)	reg_loss 0.52 (0.52)
Epoch: [000][00020/00100]	Time 0.42 (0.54)	Loss 4.79 (2.95)
		cls_loss 2.53 (1.56)	reg_loss 2.25 (1.38)
Epoch: [000][00030/00100]	Time 0.40 (0.50)	Loss 0.64 (2.18)
		cls_loss 0.32 (1.15)	reg_loss 0.32 (1.03)
Epoch: [000][00040/00100]	Time 0.38 (0.47)	Loss 2.99 (2.38)
		cls_loss 1.69 (1.28)	reg_loss 1.30 (1.10)
Epoch: [000][00050/00100]	Time 0.39 (0.45)	Loss 0.66 (2.04)
		cls_loss 0.37 (1.10)	reg_loss 0.29 (0.94)
Epoch: [000][00060/00100]	Time 0.32 (0.43)	Loss 0.43 (1.77)
		cls_loss 0.22 (0.95)	reg_loss 0.21 (0.81)
Epoch: [000][00070/00100]	Time 0.37 (0.42)	Loss 0.53 (1.59)
		cls_loss 0.27 (0.86)	reg_loss 0.26 (0.73)
Epoch: [000][00080/00100]	Time 0.34 (0.41)	Loss 0.41 (1.44)
		cls_loss 0.22 (0.78)	reg_loss 0.19 (0.67)
Epoch: [000][00090/00100]	Time 0.35 (0.40)	Loss 1.69 (1.47)
		cls_loss 0.94 (0.79)	reg_loss 0.76 (0.68)
[Train]: Epoch 0 finished with lr=0.00000500


[Train]: Epoch 1 started
Epoch: [001][00010/00100]	Time 0.31 (0.31)	Loss 0.29 (0.29)
		cls_loss 0.15 (0.15)	reg_loss 0.15 (0.15)
Epoch: [001][00020/00100]	Time 0.29 (0.30)	Loss 0.72 (0.51)
		cls_loss 0.44 (0.29)	reg_loss 0.28 (0.21)
Epoch: [001][00030/00100]	Time 0.37 (0.32)	Loss 0.84 (0.62)
		cls_loss 0.52 (0.37)	reg_loss 0.32 (0.25)
Epoch: [001][00040/00100]	Time 0.36 (0.33)	Loss 0.93 (0.70)
		cls_loss 0.62 (0.43)	reg_loss 0.31 (0.26)
Epoch: [001][00050/00100]	Time 0.40 (0.34)	Loss 0.87 (0.73)
		cls_loss 0.55 (0.46)	reg_loss 0.32 (0.28)
Epoch: [001][00060/00100]	Time 0.34 (0.34)	Loss 0.63 (0.72)
		cls_loss 0.38 (0.44)	reg_loss 0.26 (0.27)
Epoch: [001][00070/00100]	Time 0.32 (0.34)	Loss 0.96 (0.75)
		cls_loss 0.60 (0.47)	reg_loss 0.36 (0.29)
Epoch: [001][00080/00100]	Time 0.39 (0.35)	Loss 1.70 (0.87)
		cls_loss 1.10 (0.54)	reg_loss 0.60 (0.32)
Epoch: [001][00090/00100]	Time 0.29 (0.34)	Loss 0.61 (0.84)
		cls_loss 0.33 (0.52)	reg_loss 0.28 (0.32)
[Train]: Epoch 1 finished with lr=0.00001001


[Train]: Epoch 2 started
Epoch: [002][00010/00100]	Time 0.36 (0.36)	Loss 0.58 (0.58)
		cls_loss 0.36 (0.36)	reg_loss 0.22 (0.22)
Epoch: [002][00020/00100]	Time 0.28 (0.32)	Loss 0.53 (0.56)
		cls_loss 0.30 (0.33)	reg_loss 0.23 (0.23)
Epoch: [002][00030/00100]	Time 0.32 (0.32)	Loss 0.38 (0.50)
		cls_loss 0.21 (0.29)	reg_loss 0.17 (0.21)
Epoch: [002][00040/00100]	Time 0.25 (0.30)	Loss 0.39 (0.47)
		cls_loss 0.21 (0.27)	reg_loss 0.18 (0.20)
Epoch: [002][00050/00100]	Time 0.29 (0.30)	Loss 0.53 (0.48)
		cls_loss 0.31 (0.28)	reg_loss 0.21 (0.20)
Epoch: [002][00060/00100]	Time 0.30 (0.30)	Loss 0.46 (0.48)
		cls_loss 0.31 (0.28)	reg_loss 0.15 (0.19)
Epoch: [002][00070/00100]	Time 0.29 (0.30)	Loss 0.54 (0.49)
		cls_loss 0.31 (0.29)	reg_loss 0.23 (0.20)
Epoch: [002][00080/00100]	Time 0.30 (0.30)	Loss 1.83 (0.65)
		cls_loss 1.09 (0.39)	reg_loss 0.74 (0.27)
Epoch: [002][00090/00100]	Time 0.27 (0.29)	Loss 0.48 (0.63)
		cls_loss 0.24 (0.37)	reg_loss 0.24 (0.26)
[Train]: Epoch 2 finished with lr=0.00001501


[Train]: Epoch 3 started
Epoch: [003][00010/00100]	Time 0.34 (0.34)	Loss 0.95 (0.95)
		cls_loss 0.53 (0.53)	reg_loss 0.42 (0.42)
Epoch: [003][00020/00100]	Time 0.29 (0.31)	Loss 0.73 (0.84)
		cls_loss 0.44 (0.48)	reg_loss 0.30 (0.36)
Epoch: [003][00030/00100]	Time 0.30 (0.31)	Loss 1.14 (0.94)
		cls_loss 0.60 (0.52)	reg_loss 0.54 (0.42)
Epoch: [003][00040/00100]	Time 0.29 (0.30)	Loss 1.37 (1.05)
		cls_loss 0.82 (0.60)	reg_loss 0.54 (0.45)
Epoch: [003][00050/00100]	Time 0.29 (0.30)	Loss 1.22 (1.08)
		cls_loss 0.74 (0.63)	reg_loss 0.48 (0.45)
Epoch: [003][00060/00100]	Time 0.29 (0.30)	Loss 0.34 (0.96)
		cls_loss 0.18 (0.55)	reg_loss 0.16 (0.41)
Epoch: [003][00070/00100]	Time 0.32 (0.30)	Loss 0.70 (0.92)
		cls_loss 0.42 (0.53)	reg_loss 0.28 (0.39)
Epoch: [003][00080/00100]	Time 0.32 (0.30)	Loss 1.14 (0.95)
		cls_loss 0.66 (0.55)	reg_loss 0.48 (0.40)
Epoch: [003][00090/00100]	Time 0.28 (0.30)	Loss 1.02 (0.96)
		cls_loss 0.59 (0.55)	reg_loss 0.44 (0.40)
[Train]: Epoch 3 finished with lr=0.00002001


[Train]: Epoch 4 started
Epoch: [004][00010/00100]	Time 0.30 (0.30)	Loss 0.26 (0.26)
		cls_loss 0.11 (0.11)	reg_loss 0.14 (0.14)
Epoch: [004][00020/00100]	Time 0.27 (0.29)	Loss 0.38 (0.32)
		cls_loss 0.18 (0.15)	reg_loss 0.19 (0.17)
Epoch: [004][00030/00100]	Time 0.26 (0.28)	Loss 0.22 (0.28)
		cls_loss 0.11 (0.14)	reg_loss 0.10 (0.15)
Epoch: [004][00040/00100]	Time 0.31 (0.28)	Loss 0.87 (0.43)
		cls_loss 0.47 (0.22)	reg_loss 0.40 (0.21)
Epoch: [004][00050/00100]	Time 0.25 (0.28)	Loss 0.61 (0.47)
		cls_loss 0.35 (0.25)	reg_loss 0.27 (0.22)
Epoch: [004][00060/00100]	Time 0.34 (0.29)	Loss 0.59 (0.49)
		cls_loss 0.35 (0.26)	reg_loss 0.24 (0.22)
Epoch: [004][00070/00100]	Time 0.26 (0.28)	Loss 0.19 (0.45)
		cls_loss 0.10 (0.24)	reg_loss 0.09 (0.20)
Epoch: [004][00080/00100]	Time 0.31 (0.29)	Loss 0.34 (0.43)
		cls_loss 0.19 (0.23)	reg_loss 0.15 (0.20)
Epoch: [004][00090/00100]	Time 0.31 (0.29)	Loss 0.23 (0.41)
		cls_loss 0.12 (0.22)	reg_loss 0.10 (0.19)
[Train]: Epoch 4 finished with lr=0.00002501


[Train]: Epoch 5 started
Epoch: [005][00010/00100]	Time 0.36 (0.36)	Loss 0.21 (0.21)
		cls_loss 0.12 (0.12)	reg_loss 0.08 (0.08)
Epoch: [005][00020/00100]	Time 0.29 (0.33)	Loss 0.77 (0.49)
		cls_loss 0.42 (0.27)	reg_loss 0.35 (0.22)
Epoch: [005][00030/00100]	Time 0.24 (0.30)	Loss 0.13 (0.37)
		cls_loss 0.08 (0.21)	reg_loss 0.05 (0.16)
Epoch: [005][00040/00100]	Time 0.30 (0.30)	Loss 1.81 (0.73)
		cls_loss 1.14 (0.44)	reg_loss 0.68 (0.29)
Epoch: [005][00050/00100]	Time 0.32 (0.30)	Loss 0.32 (0.65)
		cls_loss 0.22 (0.40)	reg_loss 0.10 (0.25)
Epoch: [005][00060/00100]	Time 0.34 (0.31)	Loss 0.17 (0.57)
		cls_loss 0.09 (0.34)	reg_loss 0.09 (0.22)
Epoch: [005][00070/00100]	Time 0.27 (0.30)	Loss 0.24 (0.52)
		cls_loss 0.15 (0.32)	reg_loss 0.09 (0.21)
Epoch: [005][00080/00100]	Time 0.33 (0.31)	Loss 0.42 (0.51)
		cls_loss 0.27 (0.31)	reg_loss 0.15 (0.20)
Epoch: [005][00090/00100]	Time 0.28 (0.30)	Loss 0.18 (0.47)
		cls_loss 0.09 (0.29)	reg_loss 0.09 (0.19)
[Train]: Epoch 5 finished with lr=0.00003002


[Train]: Epoch 6 started
Epoch: [006][00010/00100]	Time 0.33 (0.33)	Loss 0.10 (0.10)
		cls_loss 0.06 (0.06)	reg_loss 0.04 (0.04)
Epoch: [006][00020/00100]	Time 0.30 (0.32)	Loss 0.15 (0.12)
		cls_loss 0.08 (0.07)	reg_loss 0.07 (0.05)
Epoch: [006][00030/00100]	Time 0.26 (0.30)	Loss 0.37 (0.21)
		cls_loss 0.20 (0.12)	reg_loss 0.16 (0.09)
Epoch: [006][00040/00100]	Time 0.27 (0.29)	Loss 1.05 (0.42)
		cls_loss 0.55 (0.22)	reg_loss 0.50 (0.19)
Epoch: [006][00050/00100]	Time 0.30 (0.29)	Loss 0.25 (0.38)
		cls_loss 0.14 (0.21)	reg_loss 0.11 (0.18)
Epoch: [006][00060/00100]	Time 0.26 (0.29)	Loss 0.32 (0.37)
		cls_loss 0.20 (0.21)	reg_loss 0.11 (0.17)
Epoch: [006][00070/00100]	Time 0.27 (0.29)	Loss 0.46 (0.39)
		cls_loss 0.33 (0.22)	reg_loss 0.13 (0.16)
Epoch: [006][00080/00100]	Time 0.25 (0.28)	Loss 0.25 (0.37)
		cls_loss 0.15 (0.21)	reg_loss 0.10 (0.15)
Epoch: [006][00090/00100]	Time 0.26 (0.28)	Loss 0.12 (0.34)
		cls_loss 0.07 (0.20)	reg_loss 0.05 (0.14)
[Train]: Epoch 6 finished with lr=0.00003502


[Train]: Epoch 7 started
Epoch: [007][00010/00100]	Time 0.26 (0.26)	Loss 0.32 (0.32)
		cls_loss 0.18 (0.18)	reg_loss 0.14 (0.14)
Epoch: [007][00020/00100]	Time 0.28 (0.27)	Loss 0.23 (0.28)
		cls_loss 0.16 (0.17)	reg_loss 0.07 (0.10)
Epoch: [007][00030/00100]	Time 0.32 (0.28)	Loss 1.77 (0.77)
		cls_loss 0.98 (0.44)	reg_loss 0.79 (0.33)
Epoch: [007][00040/00100]	Time 0.23 (0.27)	Loss 0.93 (0.81)
		cls_loss 0.50 (0.46)	reg_loss 0.44 (0.36)
Epoch: [007][00050/00100]	Time 0.28 (0.27)	Loss 2.09 (1.07)
		cls_loss 1.22 (0.61)	reg_loss 0.87 (0.46)
Epoch: [007][00060/00100]	Time 0.34 (0.28)	Loss 0.71 (1.01)
		cls_loss 0.39 (0.57)	reg_loss 0.32 (0.44)
Epoch: [007][00070/00100]	Time 0.28 (0.28)	Loss 0.29 (0.91)
		cls_loss 0.18 (0.52)	reg_loss 0.10 (0.39)
Epoch: [007][00080/00100]	Time 0.35 (0.29)	Loss 0.53 (0.86)
		cls_loss 0.30 (0.49)	reg_loss 0.23 (0.37)
Epoch: [007][00090/00100]	Time 0.36 (0.30)	Loss 0.15 (0.78)
		cls_loss 0.09 (0.45)	reg_loss 0.06 (0.33)
[Train]: Epoch 7 finished with lr=0.00004002


[Train]: Epoch 8 started
Epoch: [008][00010/00100]	Time 0.32 (0.32)	Loss 0.50 (0.50)
		cls_loss 0.30 (0.30)	reg_loss 0.20 (0.20)
Epoch: [008][00020/00100]	Time 0.27 (0.30)	Loss 1.48 (0.99)
		cls_loss 0.81 (0.55)	reg_loss 0.68 (0.44)
Epoch: [008][00030/00100]	Time 0.27 (0.29)	Loss 0.62 (0.87)
		cls_loss 0.35 (0.49)	reg_loss 0.27 (0.38)
Epoch: [008][00040/00100]	Time 0.34 (0.30)	Loss 0.45 (0.76)
		cls_loss 0.28 (0.43)	reg_loss 0.17 (0.33)
Epoch: [008][00050/00100]	Time 0.32 (0.30)	Loss 0.27 (0.67)
		cls_loss 0.15 (0.38)	reg_loss 0.13 (0.29)
Epoch: [008][00060/00100]	Time 0.29 (0.30)	Loss 0.49 (0.64)
		cls_loss 0.29 (0.36)	reg_loss 0.20 (0.27)
Epoch: [008][00070/00100]	Time 0.27 (0.30)	Loss 0.62 (0.63)
		cls_loss 0.38 (0.36)	reg_loss 0.24 (0.27)
Epoch: [008][00080/00100]	Time 0.29 (0.30)	Loss 0.20 (0.58)
		cls_loss 0.11 (0.33)	reg_loss 0.10 (0.25)
Epoch: [008][00090/00100]	Time 0.29 (0.29)	Loss 0.34 (0.55)
		cls_loss 0.24 (0.32)	reg_loss 0.10 (0.23)
[Train]: Epoch 8 finished with lr=0.00004502


[Train]: Epoch 9 started
Epoch: [009][00010/00100]	Time 0.41 (0.41)	Loss 0.45 (0.45)
		cls_loss 0.28 (0.28)	reg_loss 0.17 (0.17)
Epoch: [009][00020/00100]	Time 0.37 (0.39)	Loss 0.70 (0.58)
		cls_loss 0.40 (0.34)	reg_loss 0.30 (0.24)
Epoch: [009][00030/00100]	Time 0.38 (0.39)	Loss 0.99 (0.71)
		cls_loss 0.56 (0.41)	reg_loss 0.43 (0.30)
Epoch: [009][00040/00100]	Time 0.39 (0.39)	Loss 1.27 (0.85)
		cls_loss 0.74 (0.50)	reg_loss 0.53 (0.36)
Epoch: [009][00050/00100]	Time 0.32 (0.37)	Loss 1.13 (0.91)
		cls_loss 0.62 (0.52)	reg_loss 0.51 (0.39)
Epoch: [009][00060/00100]	Time 0.38 (0.38)	Loss 0.37 (0.82)
		cls_loss 0.20 (0.47)	reg_loss 0.16 (0.35)
Epoch: [009][00070/00100]	Time 0.32 (0.37)	Loss 1.53 (0.92)
		cls_loss 0.78 (0.51)	reg_loss 0.76 (0.41)
Epoch: [009][00080/00100]	Time 0.32 (0.36)	Loss 1.03 (0.93)
		cls_loss 0.53 (0.51)	reg_loss 0.50 (0.42)
Epoch: [009][00090/00100]	Time 0.25 (0.35)	Loss 0.22 (0.85)
		cls_loss 0.13 (0.47)	reg_loss 0.08 (0.38)
[Train]: Epoch 9 finished with lr=0.00005003


[Train]: Epoch 10 started
Epoch: [010][00010/00100]	Time 0.32 (0.32)	Loss 0.17 (0.17)
		cls_loss 0.09 (0.09)	reg_loss 0.08 (0.08)
Epoch: [010][00020/00100]	Time 0.29 (0.31)	Loss 0.52 (0.35)
		cls_loss 0.32 (0.21)	reg_loss 0.20 (0.14)
Epoch: [010][00030/00100]	Time 0.25 (0.29)	Loss 0.83 (0.51)
		cls_loss 0.61 (0.34)	reg_loss 0.23 (0.17)
Epoch: [010][00040/00100]	Time 0.27 (0.28)	Loss 0.41 (0.48)
		cls_loss 0.23 (0.31)	reg_loss 0.17 (0.17)
Epoch: [010][00050/00100]	Time 0.26 (0.28)	Loss 0.59 (0.50)
		cls_loss 0.35 (0.32)	reg_loss 0.24 (0.18)
Epoch: [010][00060/00100]	Time 0.31 (0.29)	Loss 0.63 (0.53)
		cls_loss 0.35 (0.33)	reg_loss 0.28 (0.20)
Epoch: [010][00070/00100]	Time 0.25 (0.28)	Loss 0.42 (0.51)
		cls_loss 0.23 (0.31)	reg_loss 0.19 (0.20)
Epoch: [010][00080/00100]	Time 0.26 (0.28)	Loss 0.69 (0.53)
		cls_loss 0.39 (0.32)	reg_loss 0.30 (0.21)
Epoch: [010][00090/00100]	Time 0.32 (0.28)	Loss 1.15 (0.60)
		cls_loss 0.63 (0.36)	reg_loss 0.52 (0.24)
[Train]: Epoch 10 finished with lr=0.00005503


[Train]: Epoch 11 started
Epoch: [011][00010/00100]	Time 0.36 (0.36)	Loss 0.49 (0.49)
		cls_loss 0.38 (0.38)	reg_loss 0.10 (0.10)
Epoch: [011][00020/00100]	Time 0.27 (0.31)	Loss 0.27 (0.38)
		cls_loss 0.16 (0.27)	reg_loss 0.11 (0.11)
Epoch: [011][00030/00100]	Time 0.25 (0.29)	Loss 0.56 (0.44)
		cls_loss 0.30 (0.28)	reg_loss 0.26 (0.16)
Epoch: [011][00040/00100]	Time 0.29 (0.29)	Loss 0.95 (0.56)
		cls_loss 0.55 (0.35)	reg_loss 0.40 (0.22)
Epoch: [011][00050/00100]	Time 0.30 (0.29)	Loss 0.14 (0.48)
		cls_loss 0.07 (0.29)	reg_loss 0.07 (0.19)
Epoch: [011][00060/00100]	Time 0.34 (0.30)	Loss 0.79 (0.53)
		cls_loss 0.42 (0.31)	reg_loss 0.37 (0.22)
Epoch: [011][00070/00100]	Time 0.29 (0.30)	Loss 0.58 (0.54)
		cls_loss 0.30 (0.31)	reg_loss 0.28 (0.23)
Epoch: [011][00080/00100]	Time 0.28 (0.30)	Loss 0.48 (0.53)
		cls_loss 0.30 (0.31)	reg_loss 0.18 (0.22)
Epoch: [011][00090/00100]	Time 0.28 (0.30)	Loss 1.46 (0.63)
		cls_loss 0.83 (0.37)	reg_loss 0.63 (0.27)
[Train]: Epoch 11 finished with lr=0.00006003


[Train]: Epoch 12 started
Epoch: [012][00010/00100]	Time 0.29 (0.29)	Loss 1.44 (1.44)
		cls_loss 0.75 (0.75)	reg_loss 0.69 (0.69)
Epoch: [012][00020/00100]	Time 0.29 (0.29)	Loss 0.38 (0.91)
		cls_loss 0.23 (0.49)	reg_loss 0.15 (0.42)
Epoch: [012][00030/00100]	Time 0.33 (0.31)	Loss 0.61 (0.81)
		cls_loss 0.43 (0.47)	reg_loss 0.18 (0.34)
Epoch: [012][00040/00100]	Time 0.26 (0.29)	Loss 0.29 (0.68)
		cls_loss 0.20 (0.40)	reg_loss 0.10 (0.28)
Epoch: [012][00050/00100]	Time 0.31 (0.30)	Loss 0.05 (0.56)
		cls_loss 0.03 (0.33)	reg_loss 0.02 (0.23)
Epoch: [012][00060/00100]	Time 0.29 (0.30)	Loss 0.67 (0.57)
		cls_loss 0.38 (0.34)	reg_loss 0.29 (0.24)
Epoch: [012][00070/00100]	Time 0.27 (0.29)	Loss 0.23 (0.52)
		cls_loss 0.15 (0.31)	reg_loss 0.07 (0.21)
Epoch: [012][00080/00100]	Time 0.30 (0.29)	Loss 0.22 (0.49)
		cls_loss 0.15 (0.29)	reg_loss 0.07 (0.20)
Epoch: [012][00090/00100]	Time 0.26 (0.29)	Loss 0.46 (0.48)
		cls_loss 0.30 (0.29)	reg_loss 0.16 (0.19)
[Train]: Epoch 12 finished with lr=0.00006503


[Train]: Epoch 13 started
Epoch: [013][00010/00100]	Time 0.28 (0.28)	Loss 0.29 (0.29)
		cls_loss 0.16 (0.16)	reg_loss 0.13 (0.13)
Epoch: [013][00020/00100]	Time 0.30 (0.29)	Loss 0.23 (0.26)
		cls_loss 0.13 (0.15)	reg_loss 0.09 (0.11)
Epoch: [013][00030/00100]	Time 0.30 (0.29)	Loss 0.51 (0.34)
		cls_loss 0.28 (0.19)	reg_loss 0.23 (0.15)
Epoch: [013][00040/00100]	Time 0.35 (0.31)	Loss 0.24 (0.32)
		cls_loss 0.17 (0.19)	reg_loss 0.06 (0.13)
Epoch: [013][00050/00100]	Time 0.33 (0.31)	Loss 0.47 (0.35)
		cls_loss 0.29 (0.21)	reg_loss 0.19 (0.14)
Epoch: [013][00060/00100]	Time 0.36 (0.32)	Loss 0.43 (0.36)
		cls_loss 0.31 (0.22)	reg_loss 0.12 (0.14)
Epoch: [013][00070/00100]	Time 0.38 (0.33)	Loss 0.49 (0.38)
		cls_loss 0.26 (0.23)	reg_loss 0.23 (0.15)
Epoch: [013][00080/00100]	Time 0.39 (0.34)	Loss 0.63 (0.41)
		cls_loss 0.40 (0.25)	reg_loss 0.23 (0.16)
Epoch: [013][00090/00100]	Time 0.29 (0.33)	Loss 0.31 (0.40)
		cls_loss 0.16 (0.24)	reg_loss 0.14 (0.16)
[Train]: Epoch 13 finished with lr=0.00007004


[Train]: Epoch 14 started
Epoch: [014][00010/00100]	Time 0.32 (0.32)	Loss 0.15 (0.15)
		cls_loss 0.08 (0.08)	reg_loss 0.06 (0.06)
Epoch: [014][00020/00100]	Time 0.25 (0.29)	Loss 0.73 (0.44)
		cls_loss 0.42 (0.25)	reg_loss 0.31 (0.19)
Epoch: [014][00030/00100]	Time 0.32 (0.30)	Loss 0.28 (0.39)
		cls_loss 0.14 (0.22)	reg_loss 0.14 (0.17)
Epoch: [014][00040/00100]	Time 0.27 (0.29)	Loss 0.97 (0.53)
		cls_loss 0.54 (0.30)	reg_loss 0.43 (0.24)
Epoch: [014][00050/00100]	Time 0.25 (0.28)	Loss 0.38 (0.50)
		cls_loss 0.20 (0.28)	reg_loss 0.18 (0.22)
Epoch: [014][00060/00100]	Time 0.30 (0.29)	Loss 0.81 (0.55)
		cls_loss 0.45 (0.31)	reg_loss 0.36 (0.25)
Epoch: [014][00070/00100]	Time 0.32 (0.29)	Loss 0.68 (0.57)
		cls_loss 0.41 (0.32)	reg_loss 0.28 (0.25)
Epoch: [014][00080/00100]	Time 0.26 (0.29)	Loss 0.30 (0.54)
		cls_loss 0.18 (0.30)	reg_loss 0.13 (0.24)
Epoch: [014][00090/00100]	Time 0.33 (0.29)	Loss 0.18 (0.50)
		cls_loss 0.09 (0.28)	reg_loss 0.09 (0.22)
[Train]: Epoch 14 finished with lr=0.00007504


[Train]: Epoch 15 started
Epoch: [015][00010/00100]	Time 0.35 (0.35)	Loss 0.84 (0.84)
		cls_loss 0.53 (0.53)	reg_loss 0.31 (0.31)
Epoch: [015][00020/00100]	Time 0.28 (0.32)	Loss 0.29 (0.56)
		cls_loss 0.17 (0.35)	reg_loss 0.12 (0.21)
Epoch: [015][00030/00100]	Time 0.27 (0.30)	Loss 1.24 (0.79)
		cls_loss 0.64 (0.45)	reg_loss 0.59 (0.34)
Epoch: [015][00040/00100]	Time 0.29 (0.30)	Loss 0.79 (0.79)
		cls_loss 0.49 (0.46)	reg_loss 0.30 (0.33)
Epoch: [015][00050/00100]	Time 0.29 (0.30)	Loss 0.21 (0.67)
		cls_loss 0.12 (0.39)	reg_loss 0.09 (0.28)
Epoch: [015][00060/00100]	Time 0.27 (0.29)	Loss 0.24 (0.60)
		cls_loss 0.15 (0.35)	reg_loss 0.08 (0.25)
Epoch: [015][00070/00100]	Time 0.26 (0.29)	Loss 0.15 (0.54)
		cls_loss 0.09 (0.31)	reg_loss 0.05 (0.22)
Epoch: [015][00080/00100]	Time 0.30 (0.29)	Loss 0.55 (0.54)
		cls_loss 0.35 (0.32)	reg_loss 0.19 (0.22)
Epoch: [015][00090/00100]	Time 0.31 (0.29)	Loss 0.85 (0.57)
		cls_loss 0.59 (0.35)	reg_loss 0.26 (0.22)
[Train]: Epoch 15 finished with lr=0.00008004


[Train]: Epoch 16 started
Epoch: [016][00010/00100]	Time 0.30 (0.30)	Loss 0.50 (0.50)
		cls_loss 0.26 (0.26)	reg_loss 0.25 (0.25)
Epoch: [016][00020/00100]	Time 0.29 (0.29)	Loss 0.77 (0.64)
		cls_loss 0.46 (0.36)	reg_loss 0.31 (0.28)
Epoch: [016][00030/00100]	Time 0.28 (0.29)	Loss 0.16 (0.48)
		cls_loss 0.11 (0.28)	reg_loss 0.05 (0.20)
Epoch: [016][00040/00100]	Time 0.26 (0.28)	Loss 0.68 (0.53)
		cls_loss 0.36 (0.30)	reg_loss 0.31 (0.23)
Epoch: [016][00050/00100]	Time 0.30 (0.28)	Loss 0.18 (0.46)
		cls_loss 0.13 (0.26)	reg_loss 0.05 (0.19)
Epoch: [016][00060/00100]	Time 0.29 (0.29)	Loss 0.40 (0.45)
		cls_loss 0.27 (0.26)	reg_loss 0.13 (0.18)
Epoch: [016][00070/00100]	Time 0.29 (0.29)	Loss 0.51 (0.46)
		cls_loss 0.33 (0.27)	reg_loss 0.18 (0.18)
Epoch: [016][00080/00100]	Time 0.36 (0.29)	Loss 0.57 (0.47)
		cls_loss 0.37 (0.29)	reg_loss 0.20 (0.19)
Epoch: [016][00090/00100]	Time 0.36 (0.30)	Loss 0.56 (0.48)
		cls_loss 0.31 (0.29)	reg_loss 0.26 (0.19)
[Train]: Epoch 16 finished with lr=0.00008504


[Train]: Epoch 17 started
Epoch: [017][00010/00100]	Time 0.33 (0.33)	Loss 0.56 (0.56)
		cls_loss 0.38 (0.38)	reg_loss 0.18 (0.18)
Epoch: [017][00020/00100]	Time 0.30 (0.31)	Loss 0.59 (0.57)
		cls_loss 0.42 (0.40)	reg_loss 0.17 (0.17)
Epoch: [017][00030/00100]	Time 0.28 (0.30)	Loss 0.46 (0.53)
		cls_loss 0.25 (0.35)	reg_loss 0.21 (0.18)
Epoch: [017][00040/00100]	Time 0.29 (0.30)	Loss 0.39 (0.50)
		cls_loss 0.21 (0.32)	reg_loss 0.18 (0.18)
Epoch: [017][00050/00100]	Time 0.29 (0.30)	Loss 0.29 (0.46)
		cls_loss 0.18 (0.29)	reg_loss 0.11 (0.17)
Epoch: [017][00060/00100]	Time 0.26 (0.29)	Loss 0.18 (0.41)
		cls_loss 0.11 (0.26)	reg_loss 0.07 (0.15)
Epoch: [017][00070/00100]	Time 0.27 (0.29)	Loss 1.13 (0.51)
		cls_loss 0.82 (0.34)	reg_loss 0.31 (0.18)
Epoch: [017][00080/00100]	Time 0.28 (0.29)	Loss 0.15 (0.47)
		cls_loss 0.10 (0.31)	reg_loss 0.05 (0.16)
Epoch: [017][00090/00100]	Time 0.27 (0.29)	Loss 0.76 (0.50)
		cls_loss 0.43 (0.32)	reg_loss 0.33 (0.18)
[Train]: Epoch 17 finished with lr=0.00009005


[Train]: Epoch 18 started
Epoch: [018][00010/00100]	Time 0.38 (0.38)	Loss 0.12 (0.12)
		cls_loss 0.07 (0.07)	reg_loss 0.04 (0.04)
Epoch: [018][00020/00100]	Time 0.29 (0.33)	Loss 0.06 (0.09)
		cls_loss 0.04 (0.06)	reg_loss 0.02 (0.03)
Epoch: [018][00030/00100]	Time 0.27 (0.31)	Loss 0.38 (0.19)
		cls_loss 0.24 (0.12)	reg_loss 0.14 (0.07)
Epoch: [018][00040/00100]	Time 0.26 (0.30)	Loss 0.14 (0.17)
		cls_loss 0.08 (0.11)	reg_loss 0.06 (0.07)
Epoch: [018][00050/00100]	Time 0.28 (0.29)	Loss 0.34 (0.21)
		cls_loss 0.20 (0.13)	reg_loss 0.13 (0.08)
Epoch: [018][00060/00100]	Time 0.29 (0.29)	Loss 0.27 (0.22)
		cls_loss 0.17 (0.13)	reg_loss 0.10 (0.08)
Epoch: [018][00070/00100]	Time 0.33 (0.30)	Loss 0.44 (0.25)
		cls_loss 0.27 (0.15)	reg_loss 0.17 (0.10)
Epoch: [018][00080/00100]	Time 0.28 (0.30)	Loss 0.89 (0.33)
		cls_loss 0.60 (0.21)	reg_loss 0.29 (0.12)
Epoch: [018][00090/00100]	Time 0.25 (0.29)	Loss 0.48 (0.35)
		cls_loss 0.33 (0.22)	reg_loss 0.15 (0.12)
[Train]: Epoch 18 finished with lr=0.00009505


[Train]: Epoch 19 started
Epoch: [019][00010/00100]	Time 0.27 (0.27)	Loss 0.24 (0.24)
		cls_loss 0.16 (0.16)	reg_loss 0.09 (0.09)
Epoch: [019][00020/00100]	Time 0.26 (0.26)	Loss 1.49 (0.87)
		cls_loss 0.85 (0.50)	reg_loss 0.64 (0.36)
Epoch: [019][00030/00100]	Time 0.26 (0.26)	Loss 0.21 (0.65)
		cls_loss 0.14 (0.38)	reg_loss 0.07 (0.27)
Epoch: [019][00040/00100]	Time 0.28 (0.27)	Loss 0.61 (0.64)
		cls_loss 0.32 (0.36)	reg_loss 0.29 (0.27)
Epoch: [019][00050/00100]	Time 0.29 (0.27)	Loss 0.25 (0.56)
		cls_loss 0.18 (0.33)	reg_loss 0.07 (0.23)
Epoch: [019][00060/00100]	Time 0.33 (0.28)	Loss 1.37 (0.69)
		cls_loss 0.77 (0.40)	reg_loss 0.59 (0.29)
Epoch: [019][00070/00100]	Time 0.29 (0.28)	Loss 0.21 (0.63)
		cls_loss 0.14 (0.37)	reg_loss 0.07 (0.26)
Epoch: [019][00080/00100]	Time 0.27 (0.28)	Loss 0.15 (0.57)
		cls_loss 0.10 (0.33)	reg_loss 0.04 (0.23)
Epoch: [019][00090/00100]	Time 0.30 (0.28)	Loss 0.09 (0.51)
		cls_loss 0.06 (0.30)	reg_loss 0.03 (0.21)
[Train]: Epoch 19 finished with lr=0.00010000


[Train]: Epoch 20 started
Epoch: [020][00010/00100]	Time 0.30 (0.30)	Loss 0.05 (0.05)
		cls_loss 0.03 (0.03)	reg_loss 0.01 (0.01)
Epoch: [020][00020/00100]	Time 0.27 (0.29)	Loss 0.04 (0.04)
		cls_loss 0.02 (0.03)	reg_loss 0.02 (0.02)
Epoch: [020][00030/00100]	Time 0.30 (0.29)	Loss 0.76 (0.28)
		cls_loss 0.48 (0.18)	reg_loss 0.28 (0.10)
Epoch: [020][00040/00100]	Time 0.27 (0.29)	Loss 0.68 (0.38)
		cls_loss 0.43 (0.24)	reg_loss 0.25 (0.14)
Epoch: [020][00050/00100]	Time 0.26 (0.28)	Loss 0.16 (0.34)
		cls_loss 0.10 (0.21)	reg_loss 0.05 (0.12)
Epoch: [020][00060/00100]	Time 0.26 (0.28)	Loss 0.59 (0.38)
		cls_loss 0.31 (0.23)	reg_loss 0.28 (0.15)
Epoch: [020][00070/00100]	Time 0.28 (0.28)	Loss 0.24 (0.36)
		cls_loss 0.18 (0.22)	reg_loss 0.06 (0.14)
Epoch: [020][00080/00100]	Time 0.30 (0.28)	Loss 0.18 (0.34)
		cls_loss 0.12 (0.21)	reg_loss 0.06 (0.13)
Epoch: [020][00090/00100]	Time 0.28 (0.28)	Loss 0.20 (0.32)
		cls_loss 0.14 (0.20)	reg_loss 0.06 (0.12)
[Train]: Epoch 20 finished with lr=0.00009938


[Train]: Epoch 21 started
Epoch: [021][00010/00100]	Time 0.28 (0.28)	Loss 0.38 (0.38)
		cls_loss 0.22 (0.22)	reg_loss 0.16 (0.16)
Epoch: [021][00020/00100]	Time 0.27 (0.28)	Loss 1.35 (0.87)
		cls_loss 0.76 (0.49)	reg_loss 0.59 (0.38)
Epoch: [021][00030/00100]	Time 0.30 (0.29)	Loss 0.29 (0.67)
		cls_loss 0.14 (0.37)	reg_loss 0.15 (0.30)
Epoch: [021][00040/00100]	Time 0.31 (0.29)	Loss 0.87 (0.72)
		cls_loss 0.49 (0.40)	reg_loss 0.38 (0.32)
Epoch: [021][00050/00100]	Time 0.28 (0.29)	Loss 0.11 (0.60)
		cls_loss 0.07 (0.34)	reg_loss 0.04 (0.26)
Epoch: [021][00060/00100]	Time 0.25 (0.28)	Loss 0.27 (0.55)
		cls_loss 0.16 (0.31)	reg_loss 0.11 (0.24)
Epoch: [021][00070/00100]	Time 0.27 (0.28)	Loss 0.43 (0.53)
		cls_loss 0.22 (0.30)	reg_loss 0.20 (0.23)
Epoch: [021][00080/00100]	Time 0.28 (0.28)	Loss 0.26 (0.50)
		cls_loss 0.17 (0.28)	reg_loss 0.09 (0.22)
Epoch: [021][00090/00100]	Time 0.25 (0.28)	Loss 0.24 (0.47)
		cls_loss 0.17 (0.27)	reg_loss 0.06 (0.20)
[Train]: Epoch 21 finished with lr=0.00009755


[Train]: Epoch 22 started
Epoch: [022][00010/00100]	Time 0.30 (0.30)	Loss 0.16 (0.16)
		cls_loss 0.08 (0.08)	reg_loss 0.09 (0.09)
Epoch: [022][00020/00100]	Time 0.27 (0.28)	Loss 0.13 (0.15)
		cls_loss 0.08 (0.08)	reg_loss 0.05 (0.07)
Epoch: [022][00030/00100]	Time 0.26 (0.28)	Loss 0.68 (0.33)
		cls_loss 0.41 (0.19)	reg_loss 0.27 (0.14)
Epoch: [022][00040/00100]	Time 0.27 (0.27)	Loss 0.48 (0.36)
		cls_loss 0.34 (0.23)	reg_loss 0.14 (0.14)
Epoch: [022][00050/00100]	Time 0.24 (0.27)	Loss 0.86 (0.46)
		cls_loss 0.46 (0.27)	reg_loss 0.40 (0.19)
Epoch: [022][00060/00100]	Time 0.24 (0.26)	Loss 2.05 (0.73)
		cls_loss 1.33 (0.45)	reg_loss 0.72 (0.28)
Epoch: [022][00070/00100]	Time 0.28 (0.27)	Loss 0.40 (0.68)
		cls_loss 0.22 (0.42)	reg_loss 0.18 (0.26)
Epoch: [022][00080/00100]	Time 0.28 (0.27)	Loss 0.88 (0.71)
		cls_loss 0.47 (0.42)	reg_loss 0.41 (0.28)
Epoch: [022][00090/00100]	Time 0.25 (0.27)	Loss 0.34 (0.66)
		cls_loss 0.22 (0.40)	reg_loss 0.12 (0.26)
[Train]: Epoch 22 finished with lr=0.00009455


[Train]: Epoch 23 started
Epoch: [023][00010/00100]	Time 0.30 (0.30)	Loss 0.38 (0.38)
		cls_loss 0.24 (0.24)	reg_loss 0.14 (0.14)
Epoch: [023][00020/00100]	Time 0.25 (0.27)	Loss 0.36 (0.37)
		cls_loss 0.23 (0.23)	reg_loss 0.13 (0.14)
Epoch: [023][00030/00100]	Time 0.24 (0.26)	Loss 0.48 (0.41)
		cls_loss 0.28 (0.25)	reg_loss 0.21 (0.16)
Epoch: [023][00040/00100]	Time 0.25 (0.26)	Loss 0.17 (0.35)
		cls_loss 0.11 (0.21)	reg_loss 0.07 (0.14)
Epoch: [023][00050/00100]	Time 0.25 (0.26)	Loss 0.13 (0.31)
		cls_loss 0.08 (0.19)	reg_loss 0.05 (0.12)
Epoch: [023][00060/00100]	Time 0.25 (0.26)	Loss 0.19 (0.29)
		cls_loss 0.11 (0.17)	reg_loss 0.08 (0.11)
Epoch: [023][00070/00100]	Time 0.29 (0.26)	Loss 0.42 (0.31)
		cls_loss 0.24 (0.18)	reg_loss 0.18 (0.12)
Epoch: [023][00080/00100]	Time 0.26 (0.26)	Loss 0.41 (0.32)
		cls_loss 0.26 (0.19)	reg_loss 0.15 (0.13)
Epoch: [023][00090/00100]	Time 0.25 (0.26)	Loss 0.55 (0.35)
		cls_loss 0.30 (0.20)	reg_loss 0.26 (0.14)
[Train]: Epoch 23 finished with lr=0.00009045


[Train]: Epoch 24 started
Epoch: [024][00010/00100]	Time 0.28 (0.28)	Loss 0.12 (0.12)
		cls_loss 0.08 (0.08)	reg_loss 0.04 (0.04)
Epoch: [024][00020/00100]	Time 0.26 (0.27)	Loss 0.21 (0.16)
		cls_loss 0.13 (0.10)	reg_loss 0.08 (0.06)
Epoch: [024][00030/00100]	Time 0.26 (0.27)	Loss 0.20 (0.18)
		cls_loss 0.12 (0.11)	reg_loss 0.08 (0.07)
Epoch: [024][00040/00100]	Time 0.24 (0.26)	Loss 0.19 (0.18)
		cls_loss 0.12 (0.11)	reg_loss 0.07 (0.07)
Epoch: [024][00050/00100]	Time 0.25 (0.26)	Loss 0.52 (0.25)
		cls_loss 0.30 (0.15)	reg_loss 0.22 (0.10)
Epoch: [024][00060/00100]	Time 0.26 (0.26)	Loss 0.72 (0.33)
		cls_loss 0.46 (0.20)	reg_loss 0.27 (0.13)
Epoch: [024][00070/00100]	Time 0.25 (0.26)	Loss 0.16 (0.30)
		cls_loss 0.09 (0.18)	reg_loss 0.07 (0.12)
Epoch: [024][00080/00100]	Time 0.27 (0.26)	Loss 0.54 (0.33)
		cls_loss 0.38 (0.21)	reg_loss 0.15 (0.12)
Epoch: [024][00090/00100]	Time 0.33 (0.27)	Loss 0.29 (0.33)
		cls_loss 0.18 (0.21)	reg_loss 0.11 (0.12)
[Train]: Epoch 24 finished with lr=0.00008536


[Train]: Epoch 25 started
Epoch: [025][00010/00100]	Time 0.28 (0.28)	Loss 0.24 (0.24)
		cls_loss 0.14 (0.14)	reg_loss 0.10 (0.10)
Epoch: [025][00020/00100]	Time 0.28 (0.28)	Loss 0.37 (0.31)
		cls_loss 0.26 (0.20)	reg_loss 0.11 (0.11)
Epoch: [025][00030/00100]	Time 0.27 (0.28)	Loss 0.18 (0.26)
		cls_loss 0.10 (0.17)	reg_loss 0.07 (0.09)
Epoch: [025][00040/00100]	Time 0.25 (0.27)	Loss 0.35 (0.28)
		cls_loss 0.16 (0.17)	reg_loss 0.19 (0.12)
Epoch: [025][00050/00100]	Time 0.26 (0.27)	Loss 0.28 (0.28)
		cls_loss 0.18 (0.17)	reg_loss 0.10 (0.11)
Epoch: [025][00060/00100]	Time 0.24 (0.27)	Loss 0.05 (0.24)
		cls_loss 0.03 (0.14)	reg_loss 0.03 (0.10)
Epoch: [025][00070/00100]	Time 0.30 (0.27)	Loss 0.84 (0.33)
		cls_loss 0.40 (0.18)	reg_loss 0.45 (0.15)
Epoch: [025][00080/00100]	Time 0.25 (0.27)	Loss 0.16 (0.31)
		cls_loss 0.10 (0.17)	reg_loss 0.06 (0.14)
Epoch: [025][00090/00100]	Time 0.24 (0.27)	Loss 0.17 (0.29)
		cls_loss 0.09 (0.16)	reg_loss 0.08 (0.13)
[Train]: Epoch 25 finished with lr=0.00007939


[Train]: Epoch 26 started
Epoch: [026][00010/00100]	Time 0.35 (0.35)	Loss 0.11 (0.11)
		cls_loss 0.06 (0.06)	reg_loss 0.04 (0.04)
Epoch: [026][00020/00100]	Time 0.23 (0.29)	Loss 0.19 (0.15)
		cls_loss 0.15 (0.10)	reg_loss 0.05 (0.05)
Epoch: [026][00030/00100]	Time 0.28 (0.29)	Loss 0.25 (0.18)
		cls_loss 0.15 (0.12)	reg_loss 0.09 (0.06)
Epoch: [026][00040/00100]	Time 0.28 (0.29)	Loss 0.19 (0.18)
		cls_loss 0.11 (0.12)	reg_loss 0.08 (0.07)
Epoch: [026][00050/00100]	Time 0.25 (0.28)	Loss 1.75 (0.50)
		cls_loss 0.99 (0.29)	reg_loss 0.76 (0.21)
Epoch: [026][00060/00100]	Time 0.25 (0.27)	Loss 0.26 (0.46)
		cls_loss 0.16 (0.27)	reg_loss 0.10 (0.19)
Epoch: [026][00070/00100]	Time 0.25 (0.27)	Loss 0.22 (0.42)
		cls_loss 0.13 (0.25)	reg_loss 0.09 (0.17)
Epoch: [026][00080/00100]	Time 0.24 (0.27)	Loss 0.16 (0.39)
		cls_loss 0.09 (0.23)	reg_loss 0.07 (0.16)
Epoch: [026][00090/00100]	Time 0.26 (0.27)	Loss 0.87 (0.44)
		cls_loss 0.46 (0.26)	reg_loss 0.41 (0.19)
[Train]: Epoch 26 finished with lr=0.00007270


[Train]: Epoch 27 started
Epoch: [027][00010/00100]	Time 0.35 (0.35)	Loss 0.22 (0.22)
		cls_loss 0.13 (0.13)	reg_loss 0.09 (0.09)
Epoch: [027][00020/00100]	Time 0.27 (0.31)	Loss 0.26 (0.24)
		cls_loss 0.18 (0.16)	reg_loss 0.07 (0.08)
Epoch: [027][00030/00100]	Time 0.29 (0.30)	Loss 0.05 (0.18)
		cls_loss 0.03 (0.12)	reg_loss 0.02 (0.06)
Epoch: [027][00040/00100]	Time 0.32 (0.31)	Loss 0.18 (0.18)
		cls_loss 0.11 (0.11)	reg_loss 0.07 (0.06)
Epoch: [027][00050/00100]	Time 0.30 (0.31)	Loss 0.89 (0.32)
		cls_loss 0.53 (0.20)	reg_loss 0.36 (0.12)
Epoch: [027][00060/00100]	Time 0.23 (0.29)	Loss 0.21 (0.30)
		cls_loss 0.14 (0.19)	reg_loss 0.08 (0.12)
Epoch: [027][00070/00100]	Time 0.23 (0.29)	Loss 0.38 (0.31)
		cls_loss 0.24 (0.19)	reg_loss 0.14 (0.12)
Epoch: [027][00080/00100]	Time 0.30 (0.29)	Loss 0.34 (0.32)
		cls_loss 0.21 (0.20)	reg_loss 0.13 (0.12)
Epoch: [027][00090/00100]	Time 0.28 (0.29)	Loss 0.20 (0.30)
		cls_loss 0.12 (0.19)	reg_loss 0.08 (0.11)
[Train]: Epoch 27 finished with lr=0.00006545


[Train]: Epoch 28 started
Epoch: [028][00010/00100]	Time 0.33 (0.33)	Loss 0.21 (0.21)
		cls_loss 0.12 (0.12)	reg_loss 0.09 (0.09)
Epoch: [028][00020/00100]	Time 0.29 (0.31)	Loss 0.37 (0.29)
		cls_loss 0.20 (0.16)	reg_loss 0.17 (0.13)
Epoch: [028][00030/00100]	Time 0.27 (0.30)	Loss 0.19 (0.26)
		cls_loss 0.11 (0.14)	reg_loss 0.08 (0.11)
Epoch: [028][00040/00100]	Time 0.26 (0.29)	Loss 1.42 (0.55)
		cls_loss 0.76 (0.30)	reg_loss 0.66 (0.25)
Epoch: [028][00050/00100]	Time 0.27 (0.28)	Loss 0.56 (0.55)
		cls_loss 0.32 (0.30)	reg_loss 0.24 (0.25)
Epoch: [028][00060/00100]	Time 0.26 (0.28)	Loss 0.10 (0.48)
		cls_loss 0.06 (0.26)	reg_loss 0.04 (0.21)
Epoch: [028][00070/00100]	Time 0.31 (0.28)	Loss 0.20 (0.44)
		cls_loss 0.11 (0.24)	reg_loss 0.09 (0.19)
Epoch: [028][00080/00100]	Time 0.26 (0.28)	Loss 0.34 (0.42)
		cls_loss 0.18 (0.23)	reg_loss 0.15 (0.19)
Epoch: [028][00090/00100]	Time 0.29 (0.28)	Loss 0.95 (0.48)
		cls_loss 0.48 (0.26)	reg_loss 0.46 (0.22)
[Train]: Epoch 28 finished with lr=0.00005783


[Train]: Epoch 29 started
Epoch: [029][00010/00100]	Time 0.30 (0.30)	Loss 0.09 (0.09)
		cls_loss 0.05 (0.05)	reg_loss 0.04 (0.04)
Epoch: [029][00020/00100]	Time 0.26 (0.28)	Loss 0.13 (0.11)
		cls_loss 0.08 (0.06)	reg_loss 0.05 (0.04)
Epoch: [029][00030/00100]	Time 0.25 (0.27)	Loss 0.79 (0.34)
		cls_loss 0.46 (0.20)	reg_loss 0.33 (0.14)
Epoch: [029][00040/00100]	Time 0.24 (0.26)	Loss 0.26 (0.32)
		cls_loss 0.16 (0.19)	reg_loss 0.10 (0.13)
Epoch: [029][00050/00100]	Time 0.24 (0.26)	Loss 0.05 (0.26)
		cls_loss 0.03 (0.16)	reg_loss 0.02 (0.11)
Epoch: [029][00060/00100]	Time 0.28 (0.26)	Loss 0.21 (0.25)
		cls_loss 0.13 (0.15)	reg_loss 0.09 (0.10)
Epoch: [029][00070/00100]	Time 0.25 (0.26)	Loss 0.34 (0.27)
		cls_loss 0.19 (0.16)	reg_loss 0.15 (0.11)
Epoch: [029][00080/00100]	Time 0.26 (0.26)	Loss 0.07 (0.24)
		cls_loss 0.05 (0.14)	reg_loss 0.02 (0.10)
Epoch: [029][00090/00100]	Time 0.24 (0.26)	Loss 0.36 (0.25)
		cls_loss 0.21 (0.15)	reg_loss 0.15 (0.10)
[Train]: Epoch 29 finished with lr=0.00005000


[Train]: Epoch 30 started
Epoch: [030][00010/00100]	Time 0.29 (0.29)	Loss 0.24 (0.24)
		cls_loss 0.13 (0.13)	reg_loss 0.11 (0.11)
Epoch: [030][00020/00100]	Time 0.24 (0.27)	Loss 1.10 (0.67)
		cls_loss 0.60 (0.36)	reg_loss 0.50 (0.30)
Epoch: [030][00030/00100]	Time 0.23 (0.25)	Loss 0.13 (0.49)
		cls_loss 0.08 (0.27)	reg_loss 0.05 (0.22)
Epoch: [030][00040/00100]	Time 0.28 (0.26)	Loss 0.10 (0.39)
		cls_loss 0.05 (0.22)	reg_loss 0.05 (0.18)
Epoch: [030][00050/00100]	Time 0.25 (0.26)	Loss 1.24 (0.56)
		cls_loss 0.65 (0.30)	reg_loss 0.59 (0.26)
Epoch: [030][00060/00100]	Time 0.26 (0.26)	Loss 0.03 (0.47)
		cls_loss 0.02 (0.26)	reg_loss 0.01 (0.22)
Epoch: [030][00070/00100]	Time 0.26 (0.26)	Loss 0.13 (0.42)
		cls_loss 0.07 (0.23)	reg_loss 0.07 (0.20)
Epoch: [030][00080/00100]	Time 0.23 (0.25)	Loss 0.43 (0.42)
		cls_loss 0.24 (0.23)	reg_loss 0.19 (0.19)
Epoch: [030][00090/00100]	Time 0.25 (0.25)	Loss 0.21 (0.40)
		cls_loss 0.12 (0.22)	reg_loss 0.09 (0.18)
[Train]: Epoch 30 finished with lr=0.00004218


[Train]: Epoch 31 started
Epoch: [031][00010/00100]	Time 0.28 (0.28)	Loss 0.22 (0.22)
		cls_loss 0.12 (0.12)	reg_loss 0.10 (0.10)
Epoch: [031][00020/00100]	Time 0.28 (0.28)	Loss 0.66 (0.44)
		cls_loss 0.37 (0.25)	reg_loss 0.29 (0.19)
Epoch: [031][00030/00100]	Time 0.28 (0.28)	Loss 0.34 (0.41)
		cls_loss 0.20 (0.23)	reg_loss 0.14 (0.18)
Epoch: [031][00040/00100]	Time 0.21 (0.26)	Loss 0.06 (0.32)
		cls_loss 0.03 (0.18)	reg_loss 0.02 (0.14)
Epoch: [031][00050/00100]	Time 0.28 (0.27)	Loss 0.08 (0.27)
		cls_loss 0.05 (0.15)	reg_loss 0.03 (0.12)
Epoch: [031][00060/00100]	Time 0.25 (0.26)	Loss 0.28 (0.27)
		cls_loss 0.16 (0.16)	reg_loss 0.12 (0.12)
Epoch: [031][00070/00100]	Time 0.29 (0.27)	Loss 0.31 (0.28)
		cls_loss 0.22 (0.16)	reg_loss 0.09 (0.11)
Epoch: [031][00080/00100]	Time 0.26 (0.27)	Loss 1.02 (0.37)
		cls_loss 0.58 (0.22)	reg_loss 0.44 (0.15)
Epoch: [031][00090/00100]	Time 0.27 (0.27)	Loss 0.15 (0.35)
		cls_loss 0.09 (0.20)	reg_loss 0.05 (0.14)
[Train]: Epoch 31 finished with lr=0.00003456


[Train]: Epoch 32 started
Epoch: [032][00010/00100]	Time 0.25 (0.25)	Loss 0.20 (0.20)
		cls_loss 0.09 (0.09)	reg_loss 0.10 (0.10)
Epoch: [032][00020/00100]	Time 0.24 (0.25)	Loss 0.38 (0.29)
		cls_loss 0.20 (0.15)	reg_loss 0.18 (0.14)
Epoch: [032][00030/00100]	Time 0.23 (0.24)	Loss 0.12 (0.23)
		cls_loss 0.06 (0.12)	reg_loss 0.05 (0.11)
Epoch: [032][00040/00100]	Time 0.26 (0.25)	Loss 0.24 (0.23)
		cls_loss 0.14 (0.12)	reg_loss 0.10 (0.11)
Epoch: [032][00050/00100]	Time 0.26 (0.25)	Loss 0.08 (0.20)
		cls_loss 0.06 (0.11)	reg_loss 0.03 (0.09)
Epoch: [032][00060/00100]	Time 0.27 (0.25)	Loss 0.39 (0.23)
		cls_loss 0.23 (0.13)	reg_loss 0.17 (0.10)
Epoch: [032][00070/00100]	Time 0.25 (0.25)	Loss 0.06 (0.21)
		cls_loss 0.04 (0.12)	reg_loss 0.03 (0.09)
Epoch: [032][00080/00100]	Time 0.27 (0.26)	Loss 0.17 (0.20)
		cls_loss 0.09 (0.11)	reg_loss 0.07 (0.09)
Epoch: [032][00090/00100]	Time 0.25 (0.25)	Loss 0.98 (0.29)
		cls_loss 0.46 (0.15)	reg_loss 0.52 (0.14)
[Train]: Epoch 32 finished with lr=0.00002731


[Train]: Epoch 33 started
Epoch: [033][00010/00100]	Time 0.26 (0.26)	Loss 0.16 (0.16)
		cls_loss 0.10 (0.10)	reg_loss 0.06 (0.06)
Epoch: [033][00020/00100]	Time 0.24 (0.25)	Loss 0.20 (0.18)
		cls_loss 0.11 (0.11)	reg_loss 0.09 (0.07)
Epoch: [033][00030/00100]	Time 0.26 (0.25)	Loss 0.20 (0.19)
		cls_loss 0.13 (0.12)	reg_loss 0.06 (0.07)
Epoch: [033][00040/00100]	Time 0.25 (0.25)	Loss 0.20 (0.19)
		cls_loss 0.11 (0.11)	reg_loss 0.09 (0.08)
Epoch: [033][00050/00100]	Time 0.29 (0.26)	Loss 0.20 (0.19)
		cls_loss 0.11 (0.11)	reg_loss 0.09 (0.08)
Epoch: [033][00060/00100]	Time 0.26 (0.26)	Loss 0.09 (0.17)
		cls_loss 0.05 (0.10)	reg_loss 0.04 (0.07)
Epoch: [033][00070/00100]	Time 0.24 (0.26)	Loss 0.62 (0.24)
		cls_loss 0.36 (0.14)	reg_loss 0.26 (0.10)
Epoch: [033][00080/00100]	Time 0.23 (0.25)	Loss 0.21 (0.23)
		cls_loss 0.12 (0.14)	reg_loss 0.09 (0.10)
Epoch: [033][00090/00100]	Time 0.25 (0.25)	Loss 0.43 (0.26)
		cls_loss 0.23 (0.15)	reg_loss 0.20 (0.11)
[Train]: Epoch 33 finished with lr=0.00002062


[Train]: Epoch 34 started
Epoch: [034][00010/00100]	Time 0.29 (0.29)	Loss 0.18 (0.18)
		cls_loss 0.10 (0.10)	reg_loss 0.08 (0.08)
Epoch: [034][00020/00100]	Time 0.26 (0.27)	Loss 0.20 (0.19)
		cls_loss 0.11 (0.10)	reg_loss 0.10 (0.09)
Epoch: [034][00030/00100]	Time 0.24 (0.26)	Loss 0.99 (0.46)
		cls_loss 0.53 (0.25)	reg_loss 0.46 (0.21)
Epoch: [034][00040/00100]	Time 0.26 (0.26)	Loss 0.70 (0.52)
		cls_loss 0.35 (0.27)	reg_loss 0.35 (0.25)
Epoch: [034][00050/00100]	Time 0.23 (0.26)	Loss 0.04 (0.42)
		cls_loss 0.03 (0.22)	reg_loss 0.01 (0.20)
Epoch: [034][00060/00100]	Time 0.24 (0.25)	Loss 0.09 (0.37)
		cls_loss 0.05 (0.19)	reg_loss 0.04 (0.17)
Epoch: [034][00070/00100]	Time 0.23 (0.25)	Loss 0.33 (0.36)
		cls_loss 0.18 (0.19)	reg_loss 0.15 (0.17)
Epoch: [034][00080/00100]	Time 0.25 (0.25)	Loss 0.57 (0.39)
		cls_loss 0.29 (0.20)	reg_loss 0.28 (0.18)
Epoch: [034][00090/00100]	Time 0.26 (0.25)	Loss 0.17 (0.36)
		cls_loss 0.09 (0.19)	reg_loss 0.08 (0.17)
[Train]: Epoch 34 finished with lr=0.00001465


[Train]: Epoch 35 started
Epoch: [035][00010/00100]	Time 0.27 (0.27)	Loss 0.29 (0.29)
		cls_loss 0.16 (0.16)	reg_loss 0.13 (0.13)
Epoch: [035][00020/00100]	Time 0.24 (0.25)	Loss 0.16 (0.22)
		cls_loss 0.09 (0.12)	reg_loss 0.07 (0.10)
Epoch: [035][00030/00100]	Time 0.28 (0.26)	Loss 0.03 (0.16)
		cls_loss 0.02 (0.09)	reg_loss 0.01 (0.07)
Epoch: [035][00040/00100]	Time 0.25 (0.26)	Loss 0.29 (0.19)
		cls_loss 0.17 (0.11)	reg_loss 0.12 (0.08)
Epoch: [035][00050/00100]	Time 0.26 (0.26)	Loss 0.24 (0.20)
		cls_loss 0.13 (0.11)	reg_loss 0.11 (0.09)
Epoch: [035][00060/00100]	Time 0.27 (0.26)	Loss 0.46 (0.24)
		cls_loss 0.26 (0.14)	reg_loss 0.19 (0.10)
Epoch: [035][00070/00100]	Time 0.26 (0.26)	Loss 0.10 (0.22)
		cls_loss 0.06 (0.13)	reg_loss 0.04 (0.10)
Epoch: [035][00080/00100]	Time 0.24 (0.26)	Loss 0.08 (0.20)
		cls_loss 0.04 (0.12)	reg_loss 0.04 (0.09)
Epoch: [035][00090/00100]	Time 0.24 (0.25)	Loss 0.21 (0.21)
		cls_loss 0.12 (0.12)	reg_loss 0.09 (0.09)
[Train]: Epoch 35 finished with lr=0.00000956


[Train]: Epoch 36 started
Epoch: [036][00010/00100]	Time 0.25 (0.25)	Loss 0.18 (0.18)
		cls_loss 0.11 (0.11)	reg_loss 0.07 (0.07)
Epoch: [036][00020/00100]	Time 0.28 (0.26)	Loss 0.16 (0.17)
		cls_loss 0.10 (0.10)	reg_loss 0.07 (0.07)
Epoch: [036][00030/00100]	Time 0.28 (0.27)	Loss 0.13 (0.16)
		cls_loss 0.07 (0.09)	reg_loss 0.06 (0.07)
Epoch: [036][00040/00100]	Time 0.27 (0.27)	Loss 0.10 (0.14)
		cls_loss 0.05 (0.08)	reg_loss 0.04 (0.06)
Epoch: [036][00050/00100]	Time 0.24 (0.26)	Loss 0.35 (0.18)
		cls_loss 0.19 (0.10)	reg_loss 0.16 (0.08)
Epoch: [036][00060/00100]	Time 0.26 (0.26)	Loss 0.05 (0.16)
		cls_loss 0.03 (0.09)	reg_loss 0.02 (0.07)
Epoch: [036][00070/00100]	Time 0.25 (0.26)	Loss 0.38 (0.19)
		cls_loss 0.20 (0.11)	reg_loss 0.18 (0.09)
Epoch: [036][00080/00100]	Time 0.25 (0.26)	Loss 0.02 (0.17)
		cls_loss 0.01 (0.09)	reg_loss 0.01 (0.08)
Epoch: [036][00090/00100]	Time 0.21 (0.25)	Loss 0.09 (0.16)
		cls_loss 0.06 (0.09)	reg_loss 0.04 (0.07)
[Train]: Epoch 36 finished with lr=0.00000546


[Train]: Epoch 37 started
Epoch: [037][00010/00100]	Time 0.27 (0.27)	Loss 0.27 (0.27)
		cls_loss 0.14 (0.14)	reg_loss 0.13 (0.13)
Epoch: [037][00020/00100]	Time 0.29 (0.28)	Loss 0.11 (0.19)
		cls_loss 0.06 (0.10)	reg_loss 0.05 (0.09)
Epoch: [037][00030/00100]	Time 0.23 (0.26)	Loss 0.24 (0.20)
		cls_loss 0.15 (0.11)	reg_loss 0.09 (0.09)
Epoch: [037][00040/00100]	Time 0.24 (0.25)	Loss 0.21 (0.20)
		cls_loss 0.12 (0.12)	reg_loss 0.08 (0.09)
Epoch: [037][00050/00100]	Time 0.28 (0.26)	Loss 0.26 (0.22)
		cls_loss 0.14 (0.12)	reg_loss 0.12 (0.10)
Epoch: [037][00060/00100]	Time 0.27 (0.26)	Loss 0.30 (0.23)
		cls_loss 0.16 (0.13)	reg_loss 0.15 (0.10)
Epoch: [037][00070/00100]	Time 0.23 (0.26)	Loss 0.10 (0.21)
		cls_loss 0.06 (0.12)	reg_loss 0.04 (0.10)
Epoch: [037][00080/00100]	Time 0.23 (0.25)	Loss 0.27 (0.22)
		cls_loss 0.16 (0.12)	reg_loss 0.11 (0.10)
Epoch: [037][00090/00100]	Time 0.27 (0.25)	Loss 0.10 (0.21)
		cls_loss 0.06 (0.12)	reg_loss 0.04 (0.09)
[Train]: Epoch 37 finished with lr=0.00000246


[Train]: Epoch 38 started
Epoch: [038][00010/00100]	Time 0.30 (0.30)	Loss 0.10 (0.10)
		cls_loss 0.05 (0.05)	reg_loss 0.05 (0.05)
Epoch: [038][00020/00100]	Time 0.23 (0.26)	Loss 0.24 (0.17)
		cls_loss 0.15 (0.10)	reg_loss 0.09 (0.07)
Epoch: [038][00030/00100]	Time 0.25 (0.26)	Loss 0.30 (0.21)
		cls_loss 0.16 (0.12)	reg_loss 0.14 (0.09)
Epoch: [038][00040/00100]	Time 0.26 (0.26)	Loss 0.25 (0.22)
		cls_loss 0.15 (0.13)	reg_loss 0.10 (0.09)
Epoch: [038][00050/00100]	Time 0.23 (0.25)	Loss 0.06 (0.19)
		cls_loss 0.03 (0.11)	reg_loss 0.03 (0.08)
Epoch: [038][00060/00100]	Time 0.26 (0.26)	Loss 0.11 (0.18)
		cls_loss 0.06 (0.10)	reg_loss 0.05 (0.08)
Epoch: [038][00070/00100]	Time 0.25 (0.25)	Loss 0.14 (0.17)
		cls_loss 0.08 (0.10)	reg_loss 0.06 (0.07)
Epoch: [038][00080/00100]	Time 0.25 (0.25)	Loss 0.34 (0.19)
		cls_loss 0.20 (0.11)	reg_loss 0.14 (0.08)
Epoch: [038][00090/00100]	Time 0.27 (0.25)	Loss 0.10 (0.18)
		cls_loss 0.06 (0.10)	reg_loss 0.04 (0.08)
[Train]: Epoch 38 finished with lr=0.00000063


[Train]: Epoch 39 started
Epoch: [039][00010/00100]	Time 0.28 (0.28)	Loss 0.13 (0.13)
		cls_loss 0.07 (0.07)	reg_loss 0.06 (0.06)
Epoch: [039][00020/00100]	Time 0.23 (0.26)	Loss 0.03 (0.08)
		cls_loss 0.01 (0.04)	reg_loss 0.01 (0.03)
Epoch: [039][00030/00100]	Time 0.25 (0.25)	Loss 0.09 (0.08)
		cls_loss 0.06 (0.05)	reg_loss 0.03 (0.03)
Epoch: [039][00040/00100]	Time 0.28 (0.26)	Loss 0.39 (0.16)
		cls_loss 0.22 (0.09)	reg_loss 0.17 (0.07)
Epoch: [039][00050/00100]	Time 0.25 (0.26)	Loss 0.08 (0.14)
		cls_loss 0.05 (0.08)	reg_loss 0.03 (0.06)
Epoch: [039][00060/00100]	Time 0.23 (0.25)	Loss 0.20 (0.15)
		cls_loss 0.12 (0.09)	reg_loss 0.08 (0.06)
Epoch: [039][00070/00100]	Time 0.22 (0.25)	Loss 0.23 (0.16)
		cls_loss 0.12 (0.09)	reg_loss 0.11 (0.07)
Epoch: [039][00080/00100]	Time 0.28 (0.25)	Loss 0.13 (0.16)
		cls_loss 0.06 (0.09)	reg_loss 0.07 (0.07)
Epoch: [039][00090/00100]	Time 0.24 (0.25)	Loss 0.08 (0.15)
		cls_loss 0.04 (0.08)	reg_loss 0.04 (0.07)
[Train]: Epoch 39 finished with lr=0.00000001

All done!
