python eval.py .\configs\thumos_i3d_se.yaml .\ckpt\thumos_i3d_se_prefusion\
(PatternRecognition) PS D:\Code\Tridet> python eval.py .\configs\thumos_i3d_se.yaml .\ckpt\thumos_i3d_se_prefusion\
{'dataset': {'crop_ratio': [0.9, 1.0],
             'default_fps': None,
             'downsample_rate': 1,
             'feat_folder': 'D:/Code/THUMOS14/thumos/i3d_features',
             'feat_stride': 4,
             'file_ext': '.npy',
             'file_prefix': None,
             'force_upsampling': False,
             'input_dim': 2048,
             'json_file': 'D:/Code/THUMOS14/thumos/annotations/thumos14.json',
             'max_seq_len': 2304,
             'num_classes': 20,
             'num_frames': 16,
             'trunc_thresh': 0.5},
 'dataset_name': 'thumos',
 'devices': ['cuda:0'],
 'init_rand_seed': 1234567891,
 'loader': {'batch_size': 8, 'num_workers': 4},
 'model': {'att_kernel_size': 3,
           'att_position': 'pre_fusion',
           'att_reduction': 4,
           'att_type': 'SE',
           'backbone_arch': [2, 2, 5],
           'backbone_type': 'SGP',
           'boudary_kernel_size': 3,
           'downsample_type': 'max',
           'embd_dim': 512,
           'embd_kernel_size': 3,
           'embd_with_ln': True,
           'fpn_dim': 512,
           'fpn_type': 'identity',
           'fpn_with_ln': True,
           'head_dim': 512,
           'head_kernel_size': 3,
           'head_num_layers': 3,
           'head_with_ln': True,
           'init_conv_vars': 0,
           'input_dim': 2048,
           'input_noise': 0.0005,
           'iou_weight_power': 0.2,
           'k': 5,
           'max_buffer_len_factor': 6.0,
           'max_seq_len': 2304,
           'n_sgp_win_size': 1,
           'num_bins': 16,
           'num_classes': 20,
           'regression_range': [[0, 4],
                                [4, 8],
                                [8, 16],
                                [16, 32],
                                [32, 64],
                                [64, 10000]],
           'scale_factor': 2,
           'sgp_mlp_dim': 768,
           'test_cfg': {'duration_thresh': 0.05,
                        'ext_score_file': None,
                        'iou_threshold': 0.1,
                        'max_seg_num': 2000,
                        'min_score': 0.001,
                        'multiclass_nms': True,
                        'nms_method': 'soft',
                        'nms_sigma': 0.5,
                        'pre_nms_thresh': 0.001,
                        'pre_nms_topk': 2000,
                        'voting_thresh': 0.7},
           'train_cfg': {'center_sample': 'radius',
                         'center_sample_radius': 1.5,
                         'clip_grad_l2norm': 1.0,
                         'cls_prior_prob': 0.01,
                         'dropout': 0.0,
                         'droppath': 0.1,
                         'head_empty_cls': [],
                         'init_loss_norm': 100,
                         'label_smoothing': 0.0,
                         'loss_weight': 1.0},
           'use_abs_pe': False,
           'use_att': True,
           'use_trident_head': True},
 'model_name': 'TriDet',
 'opt': {'epochs': 50,
         'eta_min': 1e-08,
         'learning_rate': 0.0002,
         'momentum': 0.9,
         'schedule_gamma': 0.1,
         'schedule_steps': [],
         'schedule_type': 'cosine',
         'type': 'AdamW',
         'warmup': True,
         'warmup_epochs': 20,
         'weight_decay': 0.025},
 'output_folder': './ckpt/',
 'test_cfg': {'duration_thresh': 0.05,
              'ext_score_file': None,
              'iou_threshold': 0.1,
              'max_seg_num': 2000,
              'min_score': 0.001,
              'multiclass_nms': True,
              'nms_method': 'soft',
              'nms_sigma': 0.5,
              'pre_nms_thresh': 0.001,
              'pre_nms_topk': 2000,
              'voting_thresh': 0.7},
 'train_cfg': {'center_sample': 'radius',
               'center_sample_radius': 1.5,
               'clip_grad_l2norm': 1.0,
               'cls_prior_prob': 0.01,
               'dropout': 0.0,
               'droppath': 0.1,
               'head_empty_cls': [],
               'init_loss_norm': 100,
               'label_smoothing': 0.0,
               'loss_weight': 1.0},
 'train_split': ['validation'],
 'val_split': ['test']}
=> loading checkpoint '.\ckpt\thumos_i3d_se_prefusion\epoch_069.pth.tar'
Loading from EMA model ...

Start testing model TriDet ...
[NMS] Using C extension backend (nms_1d_cpu)
Test: [00010/00212]     Time 0.98 (0.98)
Test: [00020/00212]     Time 0.06 (0.52)
Test: [00030/00212]     Time 0.06 (0.37)
Test: [00040/00212]     Time 0.06 (0.29)
[MetaArch] video #50: backbone+heads=41ms, inference+NMS=29ms (avg over 50 videos)
Test: [00050/00212]     Time 0.06 (0.24)
Test: [00060/00212]     Time 0.06 (0.21)
Test: [00070/00212]     Time 0.06 (0.19)
Test: [00080/00212]     Time 0.06 (0.18)
Test: [00090/00212]     Time 0.06 (0.16)
[MetaArch] video #100: backbone+heads=36ms, inference+NMS=26ms (avg over 100 videos)
Test: [00100/00212]     Time 0.06 (0.15)
Test: [00110/00212]     Time 0.08 (0.15)
Test: [00120/00212]     Time 0.06 (0.14)
Test: [00130/00212]     Time 0.06 (0.13)
Test: [00140/00212]     Time 0.06 (0.13)
[MetaArch] video #150: backbone+heads=34ms, inference+NMS=26ms (avg over 150 videos)
Test: [00150/00212]     Time 0.05 (0.12)
Test: [00160/00212]     Time 0.07 (0.12)
Test: [00170/00212]     Time 0.09 (0.12)
Test: [00180/00212]     Time 0.06 (0.11)
Test: [00190/00212]     Time 0.07 (0.11)
[MetaArch] video #200: backbone+heads=34ms, inference+NMS=26ms (avg over 200 videos)
Test: [00200/00212]     Time 0.06 (0.11)
Test: [00210/00212]     Time 0.06 (0.11)

[Profile] Processed 212 videos
[Profile] Model forward (inference + NMS): 13.6s (100%)
[Profile] Avg per video: 0.06s
[Profile] Result gather + cat: 0.0s
[Profile] torch.cat + .numpy(): 0.00s
[RESULTS] Action detection results on thumos14.

|tIoU = 0.30: mAP = 82.16 (%)
|tIoU = 0.40: mAP = 77.50 (%)
|tIoU = 0.50: mAP = 70.54 (%)
|tIoU = 0.60: mAP = 59.25 (%)
|tIoU = 0.70: mAP = 44.42 (%)
Avearge mAP: 66.77 (%)
All done! Total time: 38.43 sec

python .\tools\sweep_ckpts.py .\configs\thumos_i3d_se.yaml .\ckpt\thumos_i3d_se_prefusion\
(PatternRecognition) PS D:\Code\Tridet> python .\tools\sweep_ckpts.py .\configs\thumos_i3d_se.yaml .\ckpt\thumos_i3d_se_prefusion\
Found 14 checkpoints: epoch_005.pth.tar, epoch_010.pth.tar, epoch_015.pth.tar, epoch_020.pth.tar, epoch_025.pth.tar, epoch_030.pth.tar, epoch_035.pth.tar, epoch_040.pth.tar, epoch_045.pth.tar, epoch_050.pth.tar, epoch_055.pth.tar, epoch_060.pth.tar, epoch_065.pth.tar, epoch_069.pth.tar

============================================================
  Sweeping 14 checkpoints on ['test']
  Config: .\configs\thumos_i3d_se.yaml
============================================================


[  1/ 14] epoch_005.pth.tar
[NMS] Using C extension backend (nms_1d_cpu)
Test: [00020/00212]     Time 0.50 (0.50)
Test: [00040/00212]     Time 0.06 (0.28)
[MetaArch] video #50: backbone+heads=38ms, inference+NMS=27ms (avg over 50 videos)
Test: [00060/00212]     Time 0.06 (0.21)
Test: [00080/00212]     Time 0.06 (0.17)
[MetaArch] video #100: backbone+heads=34ms, inference+NMS=25ms (avg over 100 videos)
Test: [00100/00212]     Time 0.06 (0.15)
Test: [00120/00212]     Time 0.07 (0.13)
Test: [00140/00212]     Time 0.06 (0.12)
[MetaArch] video #150: backbone+heads=32ms, inference+NMS=25ms (avg over 150 videos)
Test: [00160/00212]     Time 0.06 (0.12)
Test: [00180/00212]     Time 0.07 (0.11)
[MetaArch] video #200: backbone+heads=32ms, inference+NMS=26ms (avg over 200 videos)
Test: [00200/00212]     Time 0.06 (0.11)

[Profile] Processed 212 videos
[Profile] Model forward (inference + NMS): 13.3s (100%)
[Profile] Avg per video: 0.06s
[Profile] Result gather + cat: 0.0s
[Profile] torch.cat + .numpy(): 0.00s
[RESULTS] Action detection results on thumos14.

|tIoU = 0.30: mAP = 1.21 (%)
|tIoU = 0.40: mAP = 0.63 (%)
|tIoU = 0.50: mAP = 0.30 (%)
|tIoU = 0.60: mAP = 0.13 (%)
|tIoU = 0.70: mAP = 0.04 (%)
Avearge mAP: 0.46 (%)
  mAP=0.46%  time=35s  [saved to D:\Code\Tridet\eval_output]

[  2/ 14] epoch_010.pth.tar
Test: [00020/00212]     Time 0.07 (0.07)
Test: [00040/00212]     Time 0.06 (0.06)
[MetaArch] video #50: backbone+heads=29ms, inference+NMS=28ms (avg over 50 videos)
Test: [00060/00212]     Time 0.06 (0.06)
Test: [00080/00212]     Time 0.05 (0.06)
[MetaArch] video #100: backbone+heads=26ms, inference+NMS=25ms (avg over 100 videos)
Test: [00100/00212]     Time 0.06 (0.06)
Test: [00120/00212]     Time 0.07 (0.06)
Test: [00140/00212]     Time 0.07 (0.06)
[MetaArch] video #150: backbone+heads=27ms, inference+NMS=26ms (avg over 150 videos)
Test: [00160/00212]     Time 0.06 (0.06)
Test: [00180/00212]     Time 0.07 (0.06)
[MetaArch] video #200: backbone+heads=27ms, inference+NMS=28ms (avg over 200 videos)
Test: [00200/00212]     Time 0.06 (0.06)

[Profile] Processed 212 videos
[Profile] Model forward (inference + NMS): 12.8s (100%)
[Profile] Avg per video: 0.06s
[Profile] Result gather + cat: 0.0s
[Profile] torch.cat + .numpy(): 0.00s
[RESULTS] Action detection results on thumos14.

|tIoU = 0.30: mAP = 12.64 (%)
|tIoU = 0.40: mAP = 8.37 (%)
|tIoU = 0.50: mAP = 4.79 (%)
|tIoU = 0.60: mAP = 1.94 (%)
|tIoU = 0.70: mAP = 0.61 (%)
Avearge mAP: 5.67 (%)
  mAP=5.67%  time=23s  [saved to D:\Code\Tridet\eval_output]

[  3/ 14] epoch_015.pth.tar
Test: [00020/00212]     Time 0.07 (0.07)
Test: [00040/00212]     Time 0.06 (0.07)
[MetaArch] video #50: backbone+heads=29ms, inference+NMS=29ms (avg over 50 videos)
Test: [00060/00212]     Time 0.06 (0.06)
Test: [00080/00212]     Time 0.06 (0.06)
[MetaArch] video #100: backbone+heads=28ms, inference+NMS=27ms (avg over 100 videos)
Test: [00100/00212]     Time 0.06 (0.06)
Test: [00120/00212]     Time 0.07 (0.06)
Test: [00140/00212]     Time 0.07 (0.06)
[MetaArch] video #150: backbone+heads=28ms, inference+NMS=27ms (avg over 150 videos)
Test: [00160/00212]     Time 0.07 (0.06)
Test: [00180/00212]     Time 0.07 (0.06)
[MetaArch] video #200: backbone+heads=27ms, inference+NMS=29ms (avg over 200 videos)
Test: [00200/00212]     Time 0.06 (0.06)

[Profile] Processed 212 videos
[Profile] Model forward (inference + NMS): 13.1s (100%)
[Profile] Avg per video: 0.06s
[Profile] Result gather + cat: 0.0s
[Profile] torch.cat + .numpy(): 0.00s
[RESULTS] Action detection results on thumos14.

|tIoU = 0.30: mAP = 39.97 (%)
|tIoU = 0.40: mAP = 30.57 (%)
|tIoU = 0.50: mAP = 19.60 (%)
|tIoU = 0.60: mAP = 8.77 (%)
|tIoU = 0.70: mAP = 2.79 (%)
Avearge mAP: 20.34 (%)
  mAP=20.34%  time=24s  [saved to D:\Code\Tridet\eval_output]

[  4/ 14] epoch_020.pth.tar
Test: [00020/00212]     Time 0.07 (0.07)
Test: [00040/00212]     Time 0.06 (0.07)
[MetaArch] video #50: backbone+heads=28ms, inference+NMS=31ms (avg over 50 videos)
Test: [00060/00212]     Time 0.06 (0.07)
Test: [00080/00212]     Time 0.06 (0.06)
[MetaArch] video #100: backbone+heads=27ms, inference+NMS=29ms (avg over 100 videos)
Test: [00100/00212]     Time 0.06 (0.06)
Test: [00120/00212]     Time 0.07 (0.06)
Test: [00140/00212]     Time 0.07 (0.06)
[MetaArch] video #150: backbone+heads=27ms, inference+NMS=29ms (avg over 150 videos)
Test: [00160/00212]     Time 0.07 (0.06)
Test: [00180/00212]     Time 0.07 (0.07)
[MetaArch] video #200: backbone+heads=26ms, inference+NMS=31ms (avg over 200 videos)
Test: [00200/00212]     Time 0.06 (0.07)

[Profile] Processed 212 videos
[Profile] Model forward (inference + NMS): 13.3s (100%)
[Profile] Avg per video: 0.06s
[Profile] Result gather + cat: 0.0s
[Profile] torch.cat + .numpy(): 0.00s
[RESULTS] Action detection results on thumos14.

|tIoU = 0.30: mAP = 54.02 (%)
|tIoU = 0.40: mAP = 45.78 (%)
|tIoU = 0.50: mAP = 34.65 (%)
|tIoU = 0.60: mAP = 21.12 (%)
|tIoU = 0.70: mAP = 9.50 (%)
Avearge mAP: 33.01 (%)
  mAP=33.01%  time=25s  [saved to D:\Code\Tridet\eval_output]

[  5/ 14] epoch_025.pth.tar
Test: [00020/00212]     Time 0.07 (0.07)
Test: [00040/00212]     Time 0.06 (0.07)
[MetaArch] video #50: backbone+heads=28ms, inference+NMS=31ms (avg over 50 videos)
Test: [00060/00212]     Time 0.06 (0.07)
Test: [00080/00212]     Time 0.06 (0.07)
[MetaArch] video #100: backbone+heads=27ms, inference+NMS=30ms (avg over 100 videos)
Test: [00100/00212]     Time 0.06 (0.06)
Test: [00120/00212]     Time 0.07 (0.07)
Test: [00140/00212]     Time 0.07 (0.07)
[MetaArch] video #150: backbone+heads=27ms, inference+NMS=30ms (avg over 150 videos)
Test: [00160/00212]     Time 0.07 (0.07)
Test: [00180/00212]     Time 0.08 (0.07)
[MetaArch] video #200: backbone+heads=27ms, inference+NMS=32ms (avg over 200 videos)
Test: [00200/00212]     Time 0.07 (0.07)

[Profile] Processed 212 videos
[Profile] Model forward (inference + NMS): 13.7s (100%)
[Profile] Avg per video: 0.06s
[Profile] Result gather + cat: 0.0s
[Profile] torch.cat + .numpy(): 0.01s
[RESULTS] Action detection results on thumos14.

|tIoU = 0.30: mAP = 63.96 (%)
|tIoU = 0.40: mAP = 55.57 (%)
|tIoU = 0.50: mAP = 45.40 (%)
|tIoU = 0.60: mAP = 32.40 (%)
|tIoU = 0.70: mAP = 18.15 (%)
Avearge mAP: 43.10 (%)
  mAP=43.10%  time=26s  [saved to D:\Code\Tridet\eval_output]

[  6/ 14] epoch_030.pth.tar
Test: [00020/00212]     Time 0.08 (0.08)
Test: [00040/00212]     Time 0.06 (0.07)
[MetaArch] video #50: backbone+heads=28ms, inference+NMS=33ms (avg over 50 videos)
Test: [00060/00212]     Time 0.06 (0.07)
Test: [00080/00212]     Time 0.06 (0.07)
[MetaArch] video #100: backbone+heads=26ms, inference+NMS=31ms (avg over 100 videos)
Test: [00100/00212]     Time 0.06 (0.06)
Test: [00120/00212]     Time 0.07 (0.07)
Test: [00140/00212]     Time 0.07 (0.07)
[MetaArch] video #150: backbone+heads=27ms, inference+NMS=32ms (avg over 150 videos)
Test: [00160/00212]     Time 0.07 (0.07)
Test: [00180/00212]     Time 0.08 (0.07)
[MetaArch] video #200: backbone+heads=27ms, inference+NMS=33ms (avg over 200 videos)
Test: [00200/00212]     Time 0.07 (0.07)

[Profile] Processed 212 videos
[Profile] Model forward (inference + NMS): 13.8s (100%)
[Profile] Avg per video: 0.07s
[Profile] Result gather + cat: 0.0s
[Profile] torch.cat + .numpy(): 0.00s
[RESULTS] Action detection results on thumos14.

|tIoU = 0.30: mAP = 70.03 (%)
|tIoU = 0.40: mAP = 63.73 (%)
|tIoU = 0.50: mAP = 54.17 (%)
|tIoU = 0.60: mAP = 40.75 (%)
|tIoU = 0.70: mAP = 24.01 (%)
Avearge mAP: 50.54 (%)
  mAP=50.54%  time=26s  [saved to D:\Code\Tridet\eval_output]

[  7/ 14] epoch_035.pth.tar
Test: [00020/00212]     Time 0.08 (0.08)
Test: [00040/00212]     Time 0.06 (0.07)
[MetaArch] video #50: backbone+heads=29ms, inference+NMS=32ms (avg over 50 videos)
Test: [00060/00212]     Time 0.06 (0.07)
Test: [00080/00212]     Time 0.06 (0.07)
[MetaArch] video #100: backbone+heads=27ms, inference+NMS=30ms (avg over 100 videos)
Test: [00100/00212]     Time 0.06 (0.06)
Test: [00120/00212]     Time 0.07 (0.07)
Test: [00140/00212]     Time 0.07 (0.07)
[MetaArch] video #150: backbone+heads=27ms, inference+NMS=31ms (avg over 150 videos)
Test: [00160/00212]     Time 0.07 (0.07)
Test: [00180/00212]     Time 0.08 (0.07)
[MetaArch] video #200: backbone+heads=27ms, inference+NMS=33ms (avg over 200 videos)
Test: [00200/00212]     Time 0.07 (0.07)

[Profile] Processed 212 videos
[Profile] Model forward (inference + NMS): 13.8s (100%)
[Profile] Avg per video: 0.06s
[Profile] Result gather + cat: 0.0s
[Profile] torch.cat + .numpy(): 0.00s
[RESULTS] Action detection results on thumos14.

|tIoU = 0.30: mAP = 74.19 (%)
|tIoU = 0.40: mAP = 68.83 (%)
|tIoU = 0.50: mAP = 59.50 (%)
|tIoU = 0.60: mAP = 45.43 (%)
|tIoU = 0.70: mAP = 28.41 (%)
Avearge mAP: 55.27 (%)
  mAP=55.27%  time=27s  [saved to D:\Code\Tridet\eval_output]

[  8/ 14] epoch_040.pth.tar
Test: [00020/00212]     Time 0.08 (0.08)
Test: [00040/00212]     Time 0.06 (0.07)
[MetaArch] video #50: backbone+heads=28ms, inference+NMS=32ms (avg over 50 videos)
Test: [00060/00212]     Time 0.06 (0.07)
Test: [00080/00212]     Time 0.06 (0.07)
[MetaArch] video #100: backbone+heads=27ms, inference+NMS=30ms (avg over 100 videos)
Test: [00100/00212]     Time 0.06 (0.06)
Test: [00120/00212]     Time 0.07 (0.07)
Test: [00140/00212]     Time 0.07 (0.07)
[MetaArch] video #150: backbone+heads=27ms, inference+NMS=30ms (avg over 150 videos)
Test: [00160/00212]     Time 0.07 (0.07)
Test: [00180/00212]     Time 0.07 (0.07)
[MetaArch] video #200: backbone+heads=27ms, inference+NMS=32ms (avg over 200 videos)
Test: [00200/00212]     Time 0.07 (0.07)

[Profile] Processed 212 videos
[Profile] Model forward (inference + NMS): 13.6s (100%)
[Profile] Avg per video: 0.06s
[Profile] Result gather + cat: 0.0s
[Profile] torch.cat + .numpy(): 0.01s
[RESULTS] Action detection results on thumos14.

|tIoU = 0.30: mAP = 77.35 (%)
|tIoU = 0.40: mAP = 71.88 (%)
|tIoU = 0.50: mAP = 63.94 (%)
|tIoU = 0.60: mAP = 49.58 (%)
|tIoU = 0.70: mAP = 31.73 (%)
Avearge mAP: 58.90 (%)
  mAP=58.90%  time=27s  [saved to D:\Code\Tridet\eval_output]

[  9/ 14] epoch_045.pth.tar
Test: [00020/00212]     Time 0.07 (0.07)
Test: [00040/00212]     Time 0.06 (0.07)
[MetaArch] video #50: backbone+heads=29ms, inference+NMS=31ms (avg over 50 videos)
Test: [00060/00212]     Time 0.06 (0.07)
Test: [00080/00212]     Time 0.06 (0.06)
[MetaArch] video #100: backbone+heads=27ms, inference+NMS=29ms (avg over 100 videos)
Test: [00100/00212]     Time 0.06 (0.06)
Test: [00120/00212]     Time 0.07 (0.06)
Test: [00140/00212]     Time 0.07 (0.06)
[MetaArch] video #150: backbone+heads=27ms, inference+NMS=29ms (avg over 150 videos)
Test: [00160/00212]     Time 0.07 (0.06)
Test: [00180/00212]     Time 0.07 (0.07)
[MetaArch] video #200: backbone+heads=27ms, inference+NMS=30ms (avg over 200 videos)
Test: [00200/00212]     Time 0.07 (0.07)

[Profile] Processed 212 videos
[Profile] Model forward (inference + NMS): 13.4s (100%)
[Profile] Avg per video: 0.06s
[Profile] Result gather + cat: 0.0s
[Profile] torch.cat + .numpy(): 0.00s
[RESULTS] Action detection results on thumos14.

|tIoU = 0.30: mAP = 78.83 (%)
|tIoU = 0.40: mAP = 73.48 (%)
|tIoU = 0.50: mAP = 66.51 (%)
|tIoU = 0.60: mAP = 52.51 (%)
|tIoU = 0.70: mAP = 34.63 (%)
Avearge mAP: 61.19 (%)
  mAP=61.19%  time=27s  [saved to D:\Code\Tridet\eval_output]

[ 10/ 14] epoch_050.pth.tar
Test: [00020/00212]     Time 0.08 (0.08)
Test: [00040/00212]     Time 0.06 (0.07)
[MetaArch] video #50: backbone+heads=27ms, inference+NMS=29ms (avg over 50 videos)
Test: [00060/00212]     Time 0.06 (0.07)
Test: [00080/00212]     Time 0.06 (0.06)
[MetaArch] video #100: backbone+heads=26ms, inference+NMS=28ms (avg over 100 videos)
Test: [00100/00212]     Time 0.06 (0.06)
Test: [00120/00212]     Time 0.07 (0.06)
Test: [00140/00212]     Time 0.07 (0.06)
[MetaArch] video #150: backbone+heads=27ms, inference+NMS=28ms (avg over 150 videos)
Test: [00160/00212]     Time 0.07 (0.06)
Test: [00180/00212]     Time 0.07 (0.06)
[MetaArch] video #200: backbone+heads=27ms, inference+NMS=29ms (avg over 200 videos)
Test: [00200/00212]     Time 0.06 (0.06)

[Profile] Processed 212 videos
[Profile] Model forward (inference + NMS): 13.1s (100%)
[Profile] Avg per video: 0.06s
[Profile] Result gather + cat: 0.0s
[Profile] torch.cat + .numpy(): 0.01s
[RESULTS] Action detection results on thumos14.

|tIoU = 0.30: mAP = 79.87 (%)
|tIoU = 0.40: mAP = 75.11 (%)
|tIoU = 0.50: mAP = 67.88 (%)
|tIoU = 0.60: mAP = 53.81 (%)
|tIoU = 0.70: mAP = 37.48 (%)
Avearge mAP: 62.83 (%)
  mAP=62.83%  time=26s  [saved to D:\Code\Tridet\eval_output]

[ 11/ 14] epoch_055.pth.tar
Test: [00020/00212]     Time 0.07 (0.07)
Test: [00040/00212]     Time 0.06 (0.07)
[MetaArch] video #50: backbone+heads=28ms, inference+NMS=30ms (avg over 50 videos)
Test: [00060/00212]     Time 0.06 (0.06)
Test: [00080/00212]     Time 0.06 (0.06)
[MetaArch] video #100: backbone+heads=27ms, inference+NMS=28ms (avg over 100 videos)
Test: [00100/00212]     Time 0.06 (0.06)
Test: [00120/00212]     Time 0.07 (0.06)
Test: [00140/00212]     Time 0.06 (0.06)
[MetaArch] video #150: backbone+heads=27ms, inference+NMS=28ms (avg over 150 videos)
Test: [00160/00212]     Time 0.07 (0.06)
Test: [00180/00212]     Time 0.07 (0.06)
[MetaArch] video #200: backbone+heads=27ms, inference+NMS=29ms (avg over 200 videos)
Test: [00200/00212]     Time 0.06 (0.06)

[Profile] Processed 212 videos
[Profile] Model forward (inference + NMS): 13.0s (100%)
[Profile] Avg per video: 0.06s
[Profile] Result gather + cat: 0.0s
[Profile] torch.cat + .numpy(): 0.00s
[RESULTS] Action detection results on thumos14.

|tIoU = 0.30: mAP = 80.49 (%)
|tIoU = 0.40: mAP = 76.36 (%)
|tIoU = 0.50: mAP = 68.75 (%)
|tIoU = 0.60: mAP = 55.58 (%)
|tIoU = 0.70: mAP = 40.24 (%)
Avearge mAP: 64.28 (%)
  mAP=64.28%  time=25s  [saved to D:\Code\Tridet\eval_output]

[ 12/ 14] epoch_060.pth.tar
Test: [00020/00212]     Time 0.07 (0.07)
Test: [00040/00212]     Time 0.06 (0.07)
[MetaArch] video #50: backbone+heads=29ms, inference+NMS=27ms (avg over 50 videos)
Test: [00060/00212]     Time 0.06 (0.06)
Test: [00080/00212]     Time 0.06 (0.06)
[MetaArch] video #100: backbone+heads=27ms, inference+NMS=25ms (avg over 100 videos)
Test: [00100/00212]     Time 0.06 (0.06)
Test: [00120/00212]     Time 0.07 (0.06)
Test: [00140/00212]     Time 0.06 (0.06)
[MetaArch] video #150: backbone+heads=27ms, inference+NMS=26ms (avg over 150 videos)
Test: [00160/00212]     Time 0.07 (0.06)
Test: [00180/00212]     Time 0.07 (0.06)
[MetaArch] video #200: backbone+heads=27ms, inference+NMS=27ms (avg over 200 videos)
Test: [00200/00212]     Time 0.06 (0.06)

[Profile] Processed 212 videos
[Profile] Model forward (inference + NMS): 12.9s (100%)
[Profile] Avg per video: 0.06s
[Profile] Result gather + cat: 0.0s
[Profile] torch.cat + .numpy(): 0.00s
[RESULTS] Action detection results on thumos14.

|tIoU = 0.30: mAP = 81.43 (%)
|tIoU = 0.40: mAP = 76.94 (%)
|tIoU = 0.50: mAP = 69.84 (%)
|tIoU = 0.60: mAP = 57.20 (%)
|tIoU = 0.70: mAP = 42.30 (%)
Avearge mAP: 65.54 (%)
  mAP=65.54%  time=25s  [saved to D:\Code\Tridet\eval_output]

[ 13/ 14] epoch_065.pth.tar
Test: [00020/00212]     Time 0.07 (0.07)
Test: [00040/00212]     Time 0.06 (0.07)
[MetaArch] video #50: backbone+heads=30ms, inference+NMS=27ms (avg over 50 videos)
Test: [00060/00212]     Time 0.06 (0.06)
Test: [00080/00212]     Time 0.06 (0.06)
[MetaArch] video #100: backbone+heads=28ms, inference+NMS=25ms (avg over 100 videos)
Test: [00100/00212]     Time 0.06 (0.06)
Test: [00120/00212]     Time 0.07 (0.06)
Test: [00140/00212]     Time 0.06 (0.06)
[MetaArch] video #150: backbone+heads=28ms, inference+NMS=26ms (avg over 150 videos)
Test: [00160/00212]     Time 0.07 (0.06)
Test: [00180/00212]     Time 0.07 (0.06)
[MetaArch] video #200: backbone+heads=28ms, inference+NMS=27ms (avg over 200 videos)
Test: [00200/00212]     Time 0.06 (0.06)

[Profile] Processed 212 videos
[Profile] Model forward (inference + NMS): 12.9s (100%)
[Profile] Avg per video: 0.06s
[Profile] Result gather + cat: 0.0s
[Profile] torch.cat + .numpy(): 0.00s
[RESULTS] Action detection results on thumos14.

|tIoU = 0.30: mAP = 82.05 (%)
|tIoU = 0.40: mAP = 77.46 (%)
|tIoU = 0.50: mAP = 70.41 (%)
|tIoU = 0.60: mAP = 58.77 (%)
|tIoU = 0.70: mAP = 43.79 (%)
Avearge mAP: 66.49 (%)
  mAP=66.49%  time=25s  [saved to D:\Code\Tridet\eval_output]

[ 14/ 14] epoch_069.pth.tar
Test: [00020/00212]     Time 0.07 (0.07)
Test: [00040/00212]     Time 0.06 (0.06)
[MetaArch] video #50: backbone+heads=28ms, inference+NMS=27ms (avg over 50 videos)
Test: [00060/00212]     Time 0.06 (0.06)
Test: [00080/00212]     Time 0.06 (0.06)
[MetaArch] video #100: backbone+heads=28ms, inference+NMS=25ms (avg over 100 videos)
Test: [00100/00212]     Time 0.06 (0.06)
Test: [00120/00212]     Time 0.07 (0.06)
Test: [00140/00212]     Time 0.06 (0.06)
[MetaArch] video #150: backbone+heads=28ms, inference+NMS=26ms (avg over 150 videos)
Test: [00160/00212]     Time 0.06 (0.06)
Test: [00180/00212]     Time 0.07 (0.06)
[MetaArch] video #200: backbone+heads=27ms, inference+NMS=27ms (avg over 200 videos)
Test: [00200/00212]     Time 0.06 (0.06)

[Profile] Processed 212 videos
[Profile] Model forward (inference + NMS): 12.5s (100%)
[Profile] Avg per video: 0.06s
[Profile] Result gather + cat: 0.0s
[Profile] torch.cat + .numpy(): 0.00s
[RESULTS] Action detection results on thumos14.

|tIoU = 0.30: mAP = 82.16 (%)
|tIoU = 0.40: mAP = 77.50 (%)
|tIoU = 0.50: mAP = 70.54 (%)
|tIoU = 0.60: mAP = 59.25 (%)
|tIoU = 0.70: mAP = 44.42 (%)
Avearge mAP: 66.77 (%)
  mAP=66.77%  time=24s  [saved to D:\Code\Tridet\eval_output]

============================================================
  Sweep Complete — 14 checkpoints
  Best:  epoch  69  mAP = 66.77%
  Worst: epoch   5  mAP = 0.46%
  Output: D:\Code\Tridet\eval_output
============================================================

   Epoch       mAP      Time
  ------  --------  --------
       5     0.46%     34.7s
      10     5.67%     23.0s
      15    20.34%     24.0s
      20    33.01%     24.8s
      25    43.10%     25.7s
      30    50.54%     26.2s
      35    55.27%     27.0s
      40    58.90%     26.8s
      45    61.19%     26.6s
      50    62.83%     25.9s
      55    64.28%     25.4s
      60    65.54%     25.1s
      65    66.49%     25.0s
      69    66.77%     24.2s <-- BEST

python .\tools\inspect_se_weights.py .\configs\thumos_i3d_se.yaml .\ckpt\thumos_i3d_se_prefusion\epoch_069.pth.tar
(PatternRecognition) PS D:\Code\Tridet> python .\tools\inspect_se_weights.py .\configs\thumos_i3d_se.yaml .\ckpt\thumos_i3d_se_prefusion\epoch_069.pth.tar
Loaded checkpoint from epoch 69

--- Static Parameter Inspection ---

======================================================================
  SE/ECA Channel Attention — Learned Parameter Summary
======================================================================

  [module.backbone.branch.0.att]
    fc.1.bias: shape=[128]  mean=+0.0041  std=0.0058  min=-0.0067  max=+0.0173
    fc.1.weight: shape=[128, 512, 1]  mean=-0.0002  std=0.0261  min=-0.0741  max=+0.0680
    fc.3.bias: shape=[512]  mean=+0.0023  std=0.0044  min=-0.0082  max=+0.0184
    fc.3.weight: shape=[512, 128, 1]  mean=+0.0014  std=0.0511  min=-0.1021  max=+0.1074

  [module.backbone.branch.1.att]
    fc.1.bias: shape=[128]  mean=+0.0039  std=0.0068  min=-0.0085  max=+0.0263
    fc.1.weight: shape=[128, 512, 1]  mean=-0.0004  std=0.0260  min=-0.0672  max=+0.0627
    fc.3.bias: shape=[512]  mean=+0.0026  std=0.0048  min=-0.0090  max=+0.0191
    fc.3.weight: shape=[512, 128, 1]  mean=+0.0013  std=0.0512  min=-0.0970  max=+0.1069

  [module.backbone.branch.2.att]
    fc.1.bias: shape=[128]  mean=+0.0049  std=0.0070  min=-0.0090  max=+0.0213
    fc.1.weight: shape=[128, 512, 1]  mean=-0.0005  std=0.0261  min=-0.0639  max=+0.0679
    fc.3.bias: shape=[512]  mean=+0.0025  std=0.0046  min=-0.0078  max=+0.0195
    fc.3.weight: shape=[512, 128, 1]  mean=+0.0016  std=0.0512  min=-0.0997  max=+0.1091

  [module.backbone.branch.3.att]
    fc.1.bias: shape=[128]  mean=+0.0015  std=0.0054  min=-0.0076  max=+0.0169
    fc.1.weight: shape=[128, 512, 1]  mean=-0.0005  std=0.0258  min=-0.0588  max=+0.0605
    fc.3.bias: shape=[512]  mean=+0.0019  std=0.0044  min=-0.0075  max=+0.0187
    fc.3.weight: shape=[512, 128, 1]  mean=+0.0005  std=0.0510  min=-0.0942  max=+0.1037

  [module.backbone.branch.4.att]
    fc.1.bias: shape=[128]  mean=+0.0023  std=0.0050  min=-0.0065  max=+0.0142
    fc.1.weight: shape=[128, 512, 1]  mean=-0.0001  std=0.0257  min=-0.0554  max=+0.0645
    fc.3.bias: shape=[512]  mean=+0.0016  std=0.0033  min=-0.0056  max=+0.0144
    fc.3.weight: shape=[512, 128, 1]  mean=+0.0009  std=0.0510  min=-0.0947  max=+0.1068

  [module.backbone.stem.0.att]
    fc.1.bias: shape=[128]  mean=+0.0015  std=0.0034  min=-0.0043  max=+0.0109
    fc.1.weight: shape=[128, 512, 1]  mean=-0.0004  std=0.0258  min=-0.0601  max=+0.0568
    fc.3.bias: shape=[512]  mean=-0.0013  std=0.0040  min=-0.0101  max=+0.0138
    fc.3.weight: shape=[512, 128, 1]  mean=-0.0013  std=0.0512  min=-0.1016  max=+0.1056

  [module.backbone.stem.1.att]
    fc.1.bias: shape=[128]  mean=+0.0025  std=0.0040  min=-0.0039  max=+0.0117
    fc.1.weight: shape=[128, 512, 1]  mean=-0.0004  std=0.0259  min=-0.0637  max=+0.0649
    fc.3.bias: shape=[512]  mean=-0.0016  std=0.0046  min=-0.0133  max=+0.0201
    fc.3.weight: shape=[512, 128, 1]  mean=-0.0011  std=0.0511  min=-0.1180  max=+0.1141

--- Runtime Weight Inspection ---

Running 20 samples through model to capture attention weights...
[NMS] Using C extension backend (nms_1d_cpu)
  processed 5/20 samples
  processed 10/20 samples
  processed 15/20 samples
  processed 20/20 samples

Detailed stats saved to: train_output\se_stats_epoch069.json

======================================================================
  SE/ECA Channel Attention — Learned Parameter Summary
======================================================================

======================================================================
  SE/ECA Channel Attention — Runtime Weight Distribution
  (Sigmoid output, 0=suppress, 1=pass-through)
======================================================================
  Layer                                                Mean    Std   <0.1   >0.9 Channels
  -------------------------------------------------- ------ ------ ------ ------ --------
  branch.0.att                                        0.551  0.187  0.1%  2.9%      512
  branch.1.att                                        0.531  0.128  0.0%  0.1%      512
  branch.2.att                                        0.558  0.174  0.0%  1.5%      512
  branch.3.att                                        0.525  0.105  0.0%  0.0%      512
  branch.4.att                                        0.532  0.134  0.0%  0.3%      512
  stem.0.att                                          0.481  0.098  0.0%  0.0%      512
  stem.1.att                                          0.479  0.187  0.6%  0.4%      512

  Overall: mean weight = 0.522, avg suppressed (<0.1) = 0.1%, avg pass-through (>0.9) = 0.7%
  ✓ Assessment: SE weights show meaningful variance across channels — attention is learning non-trivial channel importance.
