|tIoU = 0.30: mAP = 62.98 (%)
|tIoU = 0.40: mAP = 60.64 (%)
|tIoU = 0.50: mAP = 55.77 (%)
|tIoU = 0.60: mAP = 47.80 (%)
|tIoU = 0.70: mAP = 36.73 (%)
Avearge mAP: 52.78 (%)
All done! Total time: 25.90 sec

改进IoU loss计算后
python eval.py .\configs\thumos_i3d_iou_tal_iteration.yaml .\ckpt\thumos_i3d_iou_tal_iteration_iteration\
(PatternRecognition) PS D:\Code\Tridet> python eval.py .\configs\thumos_i3d_iou_tal_iteration.yaml .\ckpt\thumos_i3d_iou_tal_iteration_iteration\
{'dataset': {'crop_ratio': [0.9, 1.0],
             'default_fps': None,
             'downsample_rate': 1,
             'feat_folder': 'D:/Code/THUMOS14/thumos/i3d_features',
             'feat_stride': 4,
             'file_ext': '.npy',
             'file_prefix': None,
             'force_upsampling': False,
             'input_dim': 2048,
             'json_file': 'D:/Code/THUMOS14/thumos/annotations/thumos14.json',
             'max_seq_len': 2304,
             'num_classes': 20,
             'num_frames': 16,
             'trunc_thresh': 0.5},
 'dataset_name': 'thumos',
 'devices': ['cuda:0'],
 'init_rand_seed': 1234567891,
 'loader': {'batch_size': 8, 'num_workers': 4},
 'model': {'backbone_arch': [2, 2, 5],
           'backbone_type': 'SGP',
           'bifpn_drop_path': 0.0,
           'bifpn_fusion_method': 'fast_norm',
           'bifpn_num_repeats': 1,
           'boudary_kernel_size': 3,
           'downsample_type': 'max',
           'embd_dim': 512,
           'embd_kernel_size': 3,
           'embd_with_ln': True,
           'fpn_dim': 512,
           'fpn_type': 'identity',
           'fpn_with_ln': True,
           'head_dim': 512,
           'head_kernel_size': 3,
           'head_num_layers': 3,
           'head_with_ln': True,
           'init_conv_vars': 0,
           'input_dim': 2048,
           'input_noise': 0.0005,
           'iou_head_dim': 512,
           'iou_head_layers': 4,
           'iou_loss_weight': 1.0,
           'iou_weight_power': 0.2,
           'k': 5,
           'max_buffer_len_factor': 6.0,
           'max_seq_len': 2304,
           'n_sgp_win_size': 1,
           'num_bins': 16,
           'num_classes': 20,
           'reg_loss_kwargs': {},
           'reg_loss_type': 'diou',
           'regression_range': [[0, 4],
                                [4, 8],
                                [8, 16],
                                [16, 32],
                                [32, 64],
                                [64, 10000]],
           'scale_factor': 2,
           'sgp_mlp_dim': 768,
           'tal_alpha': 1.0,
           'tal_beta': 4.0,
           'tal_start_epoch': 5,
           'tal_topk': 0,
           'test_cfg': {'duration_thresh': 0.05,
                        'ext_score_file': None,
                        'iou_threshold': 0.1,
                        'max_seg_num': 2000,
                        'min_score': 0.001,
                        'multiclass_nms': True,
                        'nms_method': 'soft',
                        'nms_sigma': 0.5,
                        'pre_nms_thresh': 0.001,
                        'pre_nms_topk': 2000,
                        'voting_thresh': 0.7},
           'train_cfg': {'center_sample': 'radius',
                         'center_sample_radius': 1.5,
                         'clip_grad_l2norm': 1.0,
                         'cls_prior_prob': 0.01,
                         'dropout': 0.0,
                         'droppath': 0.1,
                         'head_empty_cls': [],
                         'init_loss_norm': 100,
                         'label_smoothing': 0.0,
                         'loss_weight': 1.0},
           'use_abs_pe': False,
           'use_iou_head': True,
           'use_trident_head': True},
 'model_name': 'TriDet',
 'opt': {'epochs': 60,
         'eta_min': 1e-08,
         'learning_rate': 0.0001,
         'momentum': 0.9,
         'schedule_gamma': 0.1,
         'schedule_steps': [],
         'schedule_type': 'cosine',
         'type': 'AdamW',
         'warmup': True,
         'warmup_epochs': 20,
         'weight_decay': 0.025},
 'output_folder': './ckpt/',
 'test_cfg': {'duration_thresh': 0.05,
              'ext_score_file': None,
              'iou_threshold': 0.1,
              'max_seg_num': 2000,
              'min_score': 0.001,
              'multiclass_nms': True,
              'nms_method': 'soft',
              'nms_sigma': 0.5,
              'pre_nms_thresh': 0.001,
              'pre_nms_topk': 2000,
              'voting_thresh': 0.7},
 'train_cfg': {'center_sample': 'radius',
               'center_sample_radius': 1.5,
               'clip_grad_l2norm': 1.0,
               'cls_prior_prob': 0.01,
               'dropout': 0.0,
               'droppath': 0.1,
               'head_empty_cls': [],
               'init_loss_norm': 100,
               'label_smoothing': 0.0,
               'loss_weight': 1.0},
 'train_split': ['validation'],
 'val_split': ['test']}
=> loading checkpoint '.\ckpt\thumos_i3d_iou_tal_iteration_iteration\epoch_079.pth.tar'
Loading from EMA model ...

Start testing model TriDet ...
[NMS] Using C extension backend (nms_1d_cpu)
Test: [00010/00212]     Time 0.98 (0.98)
Test: [00020/00212]     Time 0.07 (0.53)
Test: [00030/00212]     Time 0.06 (0.37)
Test: [00040/00212]     Time 0.07 (0.30)
[MetaArch] video #50: backbone+heads=44ms, inference+NMS=29ms (avg over 50 videos)
Test: [00050/00212]     Time 0.07 (0.25)
Test: [00060/00212]     Time 0.06 (0.22)
Test: [00070/00212]     Time 0.06 (0.20)
Test: [00080/00212]     Time 0.07 (0.18)
Test: [00090/00212]     Time 0.07 (0.17)
[MetaArch] video #100: backbone+heads=39ms, inference+NMS=25ms (avg over 100 videos)
Test: [00100/00212]     Time 0.06 (0.16)
Test: [00110/00212]     Time 0.08 (0.15)
Test: [00120/00212]     Time 0.07 (0.14)
Test: [00130/00212]     Time 0.07 (0.14)
Test: [00140/00212]     Time 0.07 (0.13)
[MetaArch] video #150: backbone+heads=38ms, inference+NMS=26ms (avg over 150 videos)
Test: [00150/00212]     Time 0.06 (0.13)
Test: [00160/00212]     Time 0.08 (0.12)
Test: [00170/00212]     Time 0.09 (0.12)
Test: [00180/00212]     Time 0.06 (0.12)
Test: [00190/00212]     Time 0.07 (0.12)
[MetaArch] video #200: backbone+heads=38ms, inference+NMS=26ms (avg over 200 videos)
Test: [00200/00212]     Time 0.06 (0.11)
Test: [00210/00212]     Time 0.06 (0.11)

[Profile] Processed 212 videos
[Profile] Model forward (inference + NMS): 14.6s (100%)
[Profile] Avg per video: 0.07s
[Profile] Result gather + cat: 0.0s
[Profile] torch.cat + .numpy(): 0.00s
[RESULTS] Action detection results on thumos14.

|tIoU = 0.30: mAP = 82.61 (%)
|tIoU = 0.40: mAP = 78.24 (%)
|tIoU = 0.50: mAP = 70.36 (%)
|tIoU = 0.60: mAP = 58.73 (%)
|tIoU = 0.70: mAP = 44.57 (%)
Avearge mAP: 66.90 (%)
All done! Total time: 38.91 sec

改为使用QFL loss并实现了warmup机制后
python eval.py .\configs\thumos_i3d_iou_tal_iteration.yaml .\ckpt\thumos_i3d_iou_tal_iteration_iteration\
(PatternRecognition) PS D:\Code\Tridet> python eval.py .\configs\thumos_i3d_iou_tal_iteration.yaml .\ckpt\thumos_i3d_iou_tal_iteration_iteration\
{'dataset': {'crop_ratio': [0.9, 1.0],
             'default_fps': None,
             'downsample_rate': 1,
             'feat_folder': 'D:/Code/THUMOS14/thumos/i3d_features',
             'feat_stride': 4,
             'file_ext': '.npy',
             'file_prefix': None,
             'force_upsampling': False,
             'input_dim': 2048,
             'json_file': 'D:/Code/THUMOS14/thumos/annotations/thumos14.json',
             'max_seq_len': 2304,
             'num_classes': 20,
             'num_frames': 16,
             'trunc_thresh': 0.5},
 'dataset_name': 'thumos',
 'devices': ['cuda:0'],
 'init_rand_seed': 1234567891,
 'loader': {'batch_size': 8, 'num_workers': 4},
 'model': {'backbone_arch': [2, 2, 5],
           'backbone_type': 'SGP',
           'bifpn_drop_path': 0.0,
           'bifpn_fusion_method': 'fast_norm',
           'bifpn_num_repeats': 1,
           'boudary_kernel_size': 3,
           'downsample_type': 'max',
           'embd_dim': 512,
           'embd_kernel_size': 3,
           'embd_with_ln': True,
           'fpn_dim': 512,
           'fpn_type': 'identity',
           'fpn_with_ln': True,
           'head_dim': 512,
           'head_kernel_size': 3,
           'head_num_layers': 3,
           'head_with_ln': True,
           'init_conv_vars': 0,
           'input_dim': 2048,
           'input_noise': 0.0005,
           'iou_head_dim': 512,
           'iou_head_layers': 4,
           'iou_loss_weight': 1.0,
           'iou_qfl_beta': 2.0,
           'iou_warmup_epochs': 5,
           'iou_weight_power': 0.2,
           'k': 5,
           'max_buffer_len_factor': 6.0,
           'max_seq_len': 2304,
           'n_sgp_win_size': 1,
           'num_bins': 16,
           'num_classes': 20,
           'reg_loss_kwargs': {},
           'reg_loss_type': 'diou',
           'regression_range': [[0, 4],
                                [4, 8],
                                [8, 16],
                                [16, 32],
                                [32, 64],
                                [64, 10000]],
           'scale_factor': 2,
           'sgp_mlp_dim': 768,
           'tal_alpha': 1.0,
           'tal_beta': 4.0,
           'tal_start_epoch': 5,
           'tal_topk': 0,
           'test_cfg': {'duration_thresh': 0.05,
                        'ext_score_file': None,
                        'iou_threshold': 0.1,
                        'max_seg_num': 2000,
                        'min_score': 0.001,
                        'multiclass_nms': True,
                        'nms_method': 'soft',
                        'nms_sigma': 0.5,
                        'pre_nms_thresh': 0.001,
                        'pre_nms_topk': 2000,
                        'voting_thresh': 0.7},
           'train_cfg': {'center_sample': 'radius',
                         'center_sample_radius': 1.5,
                         'clip_grad_l2norm': 1.0,
                         'cls_prior_prob': 0.01,
                         'dropout': 0.0,
                         'droppath': 0.1,
                         'head_empty_cls': [],
                         'init_loss_norm': 100,
                         'label_smoothing': 0.0,
                         'loss_weight': 1.0},
           'use_abs_pe': False,
           'use_iou_head': True,
           'use_trident_head': True},
 'model_name': 'TriDet',
 'opt': {'epochs': 60,
         'eta_min': 1e-08,
         'learning_rate': 0.0001,
         'momentum': 0.9,
         'schedule_gamma': 0.1,
         'schedule_steps': [],
         'schedule_type': 'cosine',
         'type': 'AdamW',
         'warmup': True,
         'warmup_epochs': 20,
         'weight_decay': 0.025},
 'output_folder': './ckpt/',
 'test_cfg': {'duration_thresh': 0.05,
              'ext_score_file': None,
              'iou_threshold': 0.1,
              'max_seg_num': 2000,
              'min_score': 0.001,
              'multiclass_nms': True,
              'nms_method': 'soft',
              'nms_sigma': 0.5,
              'pre_nms_thresh': 0.001,
              'pre_nms_topk': 2000,
              'voting_thresh': 0.7},
 'train_cfg': {'center_sample': 'radius',
               'center_sample_radius': 1.5,
               'clip_grad_l2norm': 1.0,
               'cls_prior_prob': 0.01,
               'dropout': 0.0,
               'droppath': 0.1,
               'head_empty_cls': [],
               'init_loss_norm': 100,
               'label_smoothing': 0.0,
               'loss_weight': 1.0},
 'train_split': ['validation'],
 'val_split': ['test']}
=> loading checkpoint '.\ckpt\thumos_i3d_iou_tal_iteration_iteration\epoch_075.pth.tar'
Loading from EMA model ...

Start testing model TriDet ...
[NMS] Using C extension backend (nms_1d_cpu)
Test: [00010/00212]     Time 1.01 (1.01)
Test: [00020/00212]     Time 0.06 (0.53)
Test: [00030/00212]     Time 0.05 (0.37)
Test: [00040/00212]     Time 0.06 (0.29)
[MetaArch] video #50: backbone+heads=45ms, inference+NMS=18ms (avg over 50 videos)
Test: [00050/00212]     Time 0.06 (0.25)
Test: [00060/00212]     Time 0.06 (0.22)
Test: [00070/00212]     Time 0.05 (0.19)
Test: [00080/00212]     Time 0.06 (0.18)
Test: [00090/00212]     Time 0.06 (0.16)
[MetaArch] video #100: backbone+heads=41ms, inference+NMS=16ms (avg over 100 videos)
Test: [00100/00212]     Time 0.06 (0.15)
Test: [00110/00212]     Time 0.07 (0.14)
Test: [00120/00212]     Time 0.06 (0.14)
Test: [00130/00212]     Time 0.06 (0.13)
Test: [00140/00212]     Time 0.06 (0.13)
[MetaArch] video #150: backbone+heads=40ms, inference+NMS=15ms (avg over 150 videos)
Test: [00150/00212]     Time 0.05 (0.12)
Test: [00160/00212]     Time 0.06 (0.12)
Test: [00170/00212]     Time 0.07 (0.12)
Test: [00180/00212]     Time 0.05 (0.11)
Test: [00190/00212]     Time 0.06 (0.11)
[MetaArch] video #200: backbone+heads=39ms, inference+NMS=15ms (avg over 200 videos)
Test: [00200/00212]     Time 0.05 (0.11)
Test: [00210/00212]     Time 0.05 (0.10)

[Profile] Processed 212 videos
[Profile] Model forward (inference + NMS): 12.6s (100%)
[Profile] Avg per video: 0.06s
[Profile] Result gather + cat: 0.0s
[Profile] torch.cat + .numpy(): 0.00s
[RESULTS] Action detection results on thumos14.

|tIoU = 0.30: mAP = 74.62 (%)
|tIoU = 0.40: mAP = 71.17 (%)
|tIoU = 0.50: mAP = 64.12 (%)
|tIoU = 0.60: mAP = 53.90 (%)
|tIoU = 0.70: mAP = 40.65 (%)
Avearge mAP: 60.89 (%)
All done! Total time: 30.09 sec

Round 2 宏参数搜索结果
  => best_val_loss=0.5521  best_epoch=75  stopped=80  mAP=0.49  time=1180s
  [Top-3 so far]
    #1 trial=003  mAP=0.56  val_loss=0.5251  epoch=75
    #2 trial=002  mAP=0.56  val_loss=0.5243  epoch=80
    #3 trial=004  mAP=0.55  val_loss=0.5263  epoch=80

============================================================
  Search complete — 36 trials
  Best: trial=003  mAP=0.56  val_loss=0.5251
  Results: ckpt\thumos_i3d_iou_tal_iteration_hparam_0704_1921
============================================================

  Best params:
    iou_loss_weight: 0.1
    iou_per_level: False
    iou_head_residual: True
    iou_head_layers: 2
