python eval.py .\configs\thumos_i3d_se.yaml ckpt\thumos_i3d_se_test
(PatternRecognition) PS D:\Code\Tridet> python eval.py .\configs\thumos_i3d_se.yaml ckpt\thumos_i3d_se_test
{'dataset': {'crop_ratio': [0.9, 1.0],
             'default_fps': None,
             'downsample_rate': 1,
             'feat_folder': 'D:/Code/THUMOS14/thumos/i3d_features',
             'feat_stride': 4,
             'file_ext': '.npy',
             'file_prefix': None,
             'force_upsampling': False,
             'input_dim': 2048,
             'json_file': 'D:/Code/THUMOS14/thumos/annotations/thumos14.json',
             'max_seq_len': 2304,
             'num_classes': 20,
             'num_frames': 16,
             'trunc_thresh': 0.5},
 'dataset_name': 'thumos',
 'devices': ['cuda:0'],
 'init_rand_seed': 1234567891,
 'loader': {'batch_size': 4, 'num_workers': 4},
 'model': {'att_kernel_size': 3,
           'att_position': 'fusion',
           'att_reduction': 16,
           'att_type': 'SE',
           'backbone_arch': [2, 2, 5],
           'backbone_type': 'SGP',
           'boudary_kernel_size': 3,
           'downsample_type': 'max',
           'embd_dim': 512,
           'embd_kernel_size': 3,
           'embd_with_ln': True,
           'fpn_dim': 512,
           'fpn_type': 'identity',
           'fpn_with_ln': True,
           'head_dim': 512,
           'head_kernel_size': 3,
           'head_num_layers': 3,
           'head_with_ln': True,
           'init_conv_vars': 0,
           'input_dim': 2048,
           'input_noise': 0.0005,
           'iou_weight_power': 0.2,
           'k': 5,
           'max_buffer_len_factor': 6.0,
           'max_seq_len': 2304,
           'n_sgp_win_size': 1,
           'num_bins': 16,
           'num_classes': 20,
           'regression_range': [[0, 4],
                                [4, 8],
                                [8, 16],
                                [16, 32],
                                [32, 64],
                                [64, 10000]],
           'scale_factor': 2,
           'sgp_mlp_dim': 768,
           'test_cfg': {'duration_thresh': 0.05,
                        'ext_score_file': None,
                        'iou_threshold': 0.1,
                        'max_seg_num': 2000,
                        'min_score': 0.001,
                        'multiclass_nms': True,
                        'nms_method': 'soft',
                        'nms_sigma': 0.5,
                        'pre_nms_thresh': 0.001,
                        'pre_nms_topk': 2000,
                        'voting_thresh': 0.7},
           'train_cfg': {'center_sample': 'radius',
                         'center_sample_radius': 1.5,
                         'clip_grad_l2norm': 1.0,
                         'cls_prior_prob': 0.01,
                         'dropout': 0.0,
                         'droppath': 0.1,
                         'head_empty_cls': [],
                         'init_loss_norm': 100,
                         'label_smoothing': 0.0,
                         'loss_weight': 1.0},
           'use_abs_pe': False,
           'use_att': True,
           'use_trident_head': True},
 'model_name': 'TriDet',
 'opt': {'epochs': 50,
         'eta_min': 1e-08,
         'learning_rate': 0.0001,
         'momentum': 0.9,
         'schedule_gamma': 0.1,
         'schedule_steps': [],
         'schedule_type': 'cosine',
         'type': 'AdamW',
         'warmup': True,
         'warmup_epochs': 20,
         'weight_decay': 0.025},
 'output_folder': './ckpt/',
 'test_cfg': {'duration_thresh': 0.05,
              'ext_score_file': None,
              'iou_threshold': 0.1,
              'max_seg_num': 2000,
              'min_score': 0.001,
              'multiclass_nms': True,
              'nms_method': 'soft',
              'nms_sigma': 0.5,
              'pre_nms_thresh': 0.001,
              'pre_nms_topk': 2000,
              'voting_thresh': 0.7},
 'train_cfg': {'center_sample': 'radius',
               'center_sample_radius': 1.5,
               'clip_grad_l2norm': 1.0,
               'cls_prior_prob': 0.01,
               'dropout': 0.0,
               'droppath': 0.1,
               'head_empty_cls': [],
               'init_loss_norm': 100,
               'label_smoothing': 0.0,
               'loss_weight': 1.0},
 'train_split': ['validation'],
 'val_split': ['test']}
=> loading checkpoint 'ckpt\thumos_i3d_se_test\epoch_069.pth.tar'
Loading from EMA model ...

Start testing model TriDet ...
[NMS] Using C extension backend (nms_1d_cpu)
Test: [00010/00212]     Time 0.97 (0.97)
Test: [00020/00212]     Time 0.12 (0.55)
Test: [00030/00212]     Time 0.12 (0.41)
Test: [00040/00212]     Time 0.11 (0.33)
[MetaArch] video #50: backbone+heads=60ms, inference+NMS=41ms (avg over 50 videos)
Test: [00050/00212]     Time 0.08 (0.28)
Test: [00060/00212]     Time 0.07 (0.25)
Test: [00070/00212]     Time 0.07 (0.22)
Test: [00080/00212]     Time 0.07 (0.20)
Test: [00090/00212]     Time 0.08 (0.19)
[MetaArch] video #100: backbone+heads=52ms, inference+NMS=33ms (avg over 100 videos)
Test: [00100/00212]     Time 0.09 (0.18)
Test: [00110/00212]     Time 0.13 (0.17)
Test: [00120/00212]     Time 0.10 (0.17)
Test: [00130/00212]     Time 0.08 (0.16)
Test: [00140/00212]     Time 0.08 (0.15)
[MetaArch] video #150: backbone+heads=51ms, inference+NMS=32ms (avg over 150 videos)
Test: [00150/00212]     Time 0.07 (0.15)
Test: [00160/00212]     Time 0.11 (0.15)
Test: [00170/00212]     Time 0.15 (0.15)
Test: [00180/00212]     Time 0.11 (0.14)
Test: [00190/00212]     Time 0.14 (0.14)
[MetaArch] video #200: backbone+heads=54ms, inference+NMS=34ms (avg over 200 videos)
Test: [00200/00212]     Time 0.09 (0.14)
Test: [00210/00212]     Time 0.06 (0.14)

[Profile] Processed 212 videos
[Profile] Model forward (inference + NMS): 20.1s (100%)
[Profile] Avg per video: 0.09s
[Profile] Result gather + cat: 0.0s
[Profile] torch.cat + .numpy(): 0.01s
[RESULTS] Action detection results on thumos14.

|tIoU = 0.30: mAP = 81.61 (%)
|tIoU = 0.40: mAP = 77.38 (%)
|tIoU = 0.50: mAP = 70.25 (%)
|tIoU = 0.60: mAP = 59.67 (%)
|tIoU = 0.70: mAP = 44.58 (%)
Avearge mAP: 66.70 (%)
All done! Total time: 45.33 sec

python .\tools\sweep_ckpts.py .\configs\thumos_i3d_se.yaml .\ckpt\thumos_i3d_se_test\
(PatternRecognition) PS D:\Code\Tridet> python .\tools\sweep_ckpts.py .\configs\thumos_i3d_se.yaml .\ckpt\thumos_i3d_se_test\
Found 14 checkpoints: epoch_005.pth.tar, epoch_010.pth.tar, epoch_015.pth.tar, epoch_020.pth.tar, epoch_025.pth.tar, epoch_030.pth.tar, epoch_035.pth.tar, epoch_040.pth.tar, epoch_045.pth.tar, epoch_050.pth.tar, epoch_055.pth.tar, epoch_060.pth.tar, epoch_065.pth.tar, epoch_069.pth.tar

============================================================
  Sweeping 14 checkpoints on ['test']
  Config: .\configs\thumos_i3d_se.yaml
============================================================


[  1/ 14] epoch_005.pth.tar
[NMS] Using C extension backend (nms_1d_cpu)
Test: [00020/00212]     Time 0.51 (0.51)
Test: [00040/00212]     Time 0.06 (0.28)
[MetaArch] video #50: backbone+heads=36ms, inference+NMS=25ms (avg over 50 videos)
Test: [00060/00212]     Time 0.06 (0.21)
Test: [00080/00212]     Time 0.06 (0.17)
[MetaArch] video #100: backbone+heads=33ms, inference+NMS=23ms (avg over 100 videos)
Test: [00100/00212]     Time 0.05 (0.15)
Test: [00120/00212]     Time 0.07 (0.13)
Test: [00140/00212]     Time 0.06 (0.12)
[MetaArch] video #150: backbone+heads=32ms, inference+NMS=22ms (avg over 150 videos)
Test: [00160/00212]     Time 0.06 (0.12)
Test: [00180/00212]     Time 0.07 (0.11)
[MetaArch] video #200: backbone+heads=32ms, inference+NMS=23ms (avg over 200 videos)
Test: [00200/00212]     Time 0.06 (0.11)

[Profile] Processed 212 videos
[Profile] Model forward (inference + NMS): 12.6s (100%)
[Profile] Avg per video: 0.06s
[Profile] Result gather + cat: 0.0s
[Profile] torch.cat + .numpy(): 0.00s
[RESULTS] Action detection results on thumos14.

|tIoU = 0.30: mAP = 5.76 (%)
|tIoU = 0.40: mAP = 3.22 (%)
|tIoU = 0.50: mAP = 1.82 (%)
|tIoU = 0.60: mAP = 0.70 (%)
|tIoU = 0.70: mAP = 0.25 (%)
Avearge mAP: 2.35 (%)
  mAP=2.35%  time=33s  [saved to D:\Code\Tridet\eval_output]

[  2/ 14] epoch_010.pth.tar
Test: [00020/00212]     Time 0.07 (0.07)
Test: [00040/00212]     Time 0.06 (0.06)
[MetaArch] video #50: backbone+heads=28ms, inference+NMS=26ms (avg over 50 videos)
Test: [00060/00212]     Time 0.06 (0.06)
Test: [00080/00212]     Time 0.06 (0.06)
[MetaArch] video #100: backbone+heads=27ms, inference+NMS=24ms (avg over 100 videos)
Test: [00100/00212]     Time 0.06 (0.06)
Test: [00120/00212]     Time 0.07 (0.06)
Test: [00140/00212]     Time 0.06 (0.06)
[MetaArch] video #150: backbone+heads=27ms, inference+NMS=25ms (avg over 150 videos)
Test: [00160/00212]     Time 0.06 (0.06)
Test: [00180/00212]     Time 0.07 (0.06)
[MetaArch] video #200: backbone+heads=27ms, inference+NMS=26ms (avg over 200 videos)
Test: [00200/00212]     Time 0.06 (0.06)

[Profile] Processed 212 videos
[Profile] Model forward (inference + NMS): 12.4s (100%)
[Profile] Avg per video: 0.06s
[Profile] Result gather + cat: 0.0s
[Profile] torch.cat + .numpy(): 0.00s
[RESULTS] Action detection results on thumos14.

|tIoU = 0.30: mAP = 32.82 (%)
|tIoU = 0.40: mAP = 23.87 (%)
|tIoU = 0.50: mAP = 15.17 (%)
|tIoU = 0.60: mAP = 6.69 (%)
|tIoU = 0.70: mAP = 2.10 (%)
Avearge mAP: 16.13 (%)
  mAP=16.13%  time=21s  [saved to D:\Code\Tridet\eval_output]

[  3/ 14] epoch_015.pth.tar
Test: [00020/00212]     Time 0.07 (0.07)
Test: [00040/00212]     Time 0.06 (0.07)
[MetaArch] video #50: backbone+heads=29ms, inference+NMS=29ms (avg over 50 videos)
Test: [00060/00212]     Time 0.06 (0.07)
Test: [00080/00212]     Time 0.06 (0.06)
[MetaArch] video #100: backbone+heads=27ms, inference+NMS=27ms (avg over 100 videos)
Test: [00100/00212]     Time 0.06 (0.06)
Test: [00120/00212]     Time 0.07 (0.06)
Test: [00140/00212]     Time 0.07 (0.06)
[MetaArch] video #150: backbone+heads=27ms, inference+NMS=28ms (avg over 150 videos)
Test: [00160/00212]     Time 0.07 (0.06)
Test: [00180/00212]     Time 0.07 (0.07)
[MetaArch] video #200: backbone+heads=27ms, inference+NMS=30ms (avg over 200 videos)
Test: [00200/00212]     Time 0.06 (0.07)

[Profile] Processed 212 videos
[Profile] Model forward (inference + NMS): 13.2s (100%)
[Profile] Avg per video: 0.06s
[Profile] Result gather + cat: 0.0s
[Profile] torch.cat + .numpy(): 0.00s
[RESULTS] Action detection results on thumos14.

|tIoU = 0.30: mAP = 57.89 (%)
|tIoU = 0.40: mAP = 49.13 (%)
|tIoU = 0.50: mAP = 36.02 (%)
|tIoU = 0.60: mAP = 21.61 (%)
|tIoU = 0.70: mAP = 9.89 (%)
Avearge mAP: 34.91 (%)
  mAP=34.91%  time=24s  [saved to D:\Code\Tridet\eval_output]

[  4/ 14] epoch_020.pth.tar
Test: [00020/00212]     Time 0.08 (0.08)
Test: [00040/00212]     Time 0.06 (0.07)
[MetaArch] video #50: backbone+heads=30ms, inference+NMS=31ms (avg over 50 videos)
Test: [00060/00212]     Time 0.06 (0.07)
Test: [00080/00212]     Time 0.06 (0.07)
[MetaArch] video #100: backbone+heads=28ms, inference+NMS=29ms (avg over 100 videos)
Test: [00100/00212]     Time 0.06 (0.06)
Test: [00120/00212]     Time 0.07 (0.07)
Test: [00140/00212]     Time 0.07 (0.07)
[MetaArch] video #150: backbone+heads=28ms, inference+NMS=30ms (avg over 150 videos)
Test: [00160/00212]     Time 0.07 (0.07)
Test: [00180/00212]     Time 0.07 (0.07)
[MetaArch] video #200: backbone+heads=28ms, inference+NMS=31ms (avg over 200 videos)
Test: [00200/00212]     Time 0.07 (0.07)

[Profile] Processed 212 videos
[Profile] Model forward (inference + NMS): 13.6s (100%)
[Profile] Avg per video: 0.06s
[Profile] Result gather + cat: 0.0s
[Profile] torch.cat + .numpy(): 0.00s
[RESULTS] Action detection results on thumos14.

|tIoU = 0.30: mAP = 68.88 (%)
|tIoU = 0.40: mAP = 60.30 (%)
|tIoU = 0.50: mAP = 49.97 (%)
|tIoU = 0.60: mAP = 34.07 (%)
|tIoU = 0.70: mAP = 17.58 (%)
Avearge mAP: 46.16 (%)
  mAP=46.16%  time=26s  [saved to D:\Code\Tridet\eval_output]

[  5/ 14] epoch_025.pth.tar
Test: [00020/00212]     Time 0.07 (0.07)
Test: [00040/00212]     Time 0.06 (0.07)
[MetaArch] video #50: backbone+heads=30ms, inference+NMS=30ms (avg over 50 videos)
Test: [00060/00212]     Time 0.06 (0.07)
Test: [00080/00212]     Time 0.06 (0.06)
[MetaArch] video #100: backbone+heads=28ms, inference+NMS=28ms (avg over 100 videos)
Test: [00100/00212]     Time 0.06 (0.06)
Test: [00120/00212]     Time 0.07 (0.06)
Test: [00140/00212]     Time 0.06 (0.06)
[MetaArch] video #150: backbone+heads=28ms, inference+NMS=28ms (avg over 150 videos)
Test: [00160/00212]     Time 0.07 (0.07)
Test: [00180/00212]     Time 0.07 (0.07)
[MetaArch] video #200: backbone+heads=27ms, inference+NMS=30ms (avg over 200 videos)
Test: [00200/00212]     Time 0.07 (0.07)

[Profile] Processed 212 videos
[Profile] Model forward (inference + NMS): 13.4s (100%)
[Profile] Avg per video: 0.06s
[Profile] Result gather + cat: 0.0s
[Profile] torch.cat + .numpy(): 0.00s
[RESULTS] Action detection results on thumos14.

|tIoU = 0.30: mAP = 75.33 (%)
|tIoU = 0.40: mAP = 68.86 (%)
|tIoU = 0.50: mAP = 59.20 (%)
|tIoU = 0.60: mAP = 44.55 (%)
|tIoU = 0.70: mAP = 25.93 (%)
Avearge mAP: 54.77 (%)
  mAP=54.77%  time=26s  [saved to D:\Code\Tridet\eval_output]

[  6/ 14] epoch_030.pth.tar
Test: [00020/00212]     Time 0.08 (0.08)
Test: [00040/00212]     Time 0.06 (0.07)
[MetaArch] video #50: backbone+heads=30ms, inference+NMS=30ms (avg over 50 videos)
Test: [00060/00212]     Time 0.06 (0.07)
Test: [00080/00212]     Time 0.06 (0.06)
[MetaArch] video #100: backbone+heads=29ms, inference+NMS=28ms (avg over 100 videos)
Test: [00100/00212]     Time 0.06 (0.06)
Test: [00120/00212]     Time 0.07 (0.06)
Test: [00140/00212]     Time 0.06 (0.06)
[MetaArch] video #150: backbone+heads=28ms, inference+NMS=28ms (avg over 150 videos)
Test: [00160/00212]     Time 0.07 (0.06)
Test: [00180/00212]     Time 0.07 (0.07)
[MetaArch] video #200: backbone+heads=28ms, inference+NMS=30ms (avg over 200 videos)
Test: [00200/00212]     Time 0.07 (0.07)

[Profile] Processed 212 videos
[Profile] Model forward (inference + NMS): 13.4s (100%)
[Profile] Avg per video: 0.06s
[Profile] Result gather + cat: 0.0s
[Profile] torch.cat + .numpy(): 0.01s
[RESULTS] Action detection results on thumos14.

|tIoU = 0.30: mAP = 78.63 (%)
|tIoU = 0.40: mAP = 72.64 (%)
|tIoU = 0.50: mAP = 64.31 (%)
|tIoU = 0.60: mAP = 49.69 (%)
|tIoU = 0.70: mAP = 31.71 (%)
Avearge mAP: 59.39 (%)
  mAP=59.39%  time=25s  [saved to D:\Code\Tridet\eval_output]

[  7/ 14] epoch_035.pth.tar
Test: [00020/00212]     Time 0.07 (0.07)
Test: [00040/00212]     Time 0.06 (0.07)
[MetaArch] video #50: backbone+heads=28ms, inference+NMS=29ms (avg over 50 videos)
Test: [00060/00212]     Time 0.06 (0.06)
Test: [00080/00212]     Time 0.06 (0.06)
[MetaArch] video #100: backbone+heads=28ms, inference+NMS=27ms (avg over 100 videos)
Test: [00100/00212]     Time 0.06 (0.06)
Test: [00120/00212]     Time 0.07 (0.06)
Test: [00140/00212]     Time 0.06 (0.06)
[MetaArch] video #150: backbone+heads=28ms, inference+NMS=28ms (avg over 150 videos)
Test: [00160/00212]     Time 0.07 (0.06)
Test: [00180/00212]     Time 0.07 (0.06)
[MetaArch] video #200: backbone+heads=27ms, inference+NMS=29ms (avg over 200 videos)
Test: [00200/00212]     Time 0.06 (0.06)

[Profile] Processed 212 videos
[Profile] Model forward (inference + NMS): 13.1s (100%)
[Profile] Avg per video: 0.06s
[Profile] Result gather + cat: 0.0s
[Profile] torch.cat + .numpy(): 0.00s
[RESULTS] Action detection results on thumos14.

|tIoU = 0.30: mAP = 80.50 (%)
|tIoU = 0.40: mAP = 74.89 (%)
|tIoU = 0.50: mAP = 66.70 (%)
|tIoU = 0.60: mAP = 52.77 (%)
|tIoU = 0.70: mAP = 35.11 (%)
Avearge mAP: 62.00 (%)
  mAP=62.00%  time=25s  [saved to D:\Code\Tridet\eval_output]

[  8/ 14] epoch_040.pth.tar
Test: [00020/00212]     Time 0.07 (0.07)
Test: [00040/00212]     Time 0.06 (0.07)
[MetaArch] video #50: backbone+heads=30ms, inference+NMS=28ms (avg over 50 videos)
Test: [00060/00212]     Time 0.06 (0.06)
Test: [00080/00212]     Time 0.06 (0.06)
[MetaArch] video #100: backbone+heads=28ms, inference+NMS=26ms (avg over 100 videos)
Test: [00100/00212]     Time 0.06 (0.06)
Test: [00120/00212]     Time 0.07 (0.06)
Test: [00140/00212]     Time 0.06 (0.06)
[MetaArch] video #150: backbone+heads=28ms, inference+NMS=27ms (avg over 150 videos)
Test: [00160/00212]     Time 0.07 (0.06)
Test: [00180/00212]     Time 0.07 (0.06)
[MetaArch] video #200: backbone+heads=28ms, inference+NMS=28ms (avg over 200 videos)
Test: [00200/00212]     Time 0.06 (0.06)

[Profile] Processed 212 videos
[Profile] Model forward (inference + NMS): 13.0s (100%)
[Profile] Avg per video: 0.06s
[Profile] Result gather + cat: 0.0s
[Profile] torch.cat + .numpy(): 0.00s
[RESULTS] Action detection results on thumos14.

|tIoU = 0.30: mAP = 81.72 (%)
|tIoU = 0.40: mAP = 76.64 (%)
|tIoU = 0.50: mAP = 69.18 (%)
|tIoU = 0.60: mAP = 56.00 (%)
|tIoU = 0.70: mAP = 38.37 (%)
Avearge mAP: 64.38 (%)
  mAP=64.38%  time=24s  [saved to D:\Code\Tridet\eval_output]

[  9/ 14] epoch_045.pth.tar
Test: [00020/00212]     Time 0.07 (0.07)
Test: [00040/00212]     Time 0.06 (0.06)
[MetaArch] video #50: backbone+heads=27ms, inference+NMS=28ms (avg over 50 videos)
Test: [00060/00212]     Time 0.06 (0.06)
Test: [00080/00212]     Time 0.06 (0.06)
[MetaArch] video #100: backbone+heads=26ms, inference+NMS=26ms (avg over 100 videos)
Test: [00100/00212]     Time 0.06 (0.06)
Test: [00120/00212]     Time 0.07 (0.06)
Test: [00140/00212]     Time 0.06 (0.06)
[MetaArch] video #150: backbone+heads=27ms, inference+NMS=26ms (avg over 150 videos)
Test: [00160/00212]     Time 0.06 (0.06)
Test: [00180/00212]     Time 0.07 (0.06)
[MetaArch] video #200: backbone+heads=27ms, inference+NMS=27ms (avg over 200 videos)
Test: [00200/00212]     Time 0.06 (0.06)

[Profile] Processed 212 videos
[Profile] Model forward (inference + NMS): 12.7s (100%)
[Profile] Avg per video: 0.06s
[Profile] Result gather + cat: 0.0s
[Profile] torch.cat + .numpy(): 0.00s
[RESULTS] Action detection results on thumos14.

|tIoU = 0.30: mAP = 82.18 (%)
|tIoU = 0.40: mAP = 77.31 (%)
|tIoU = 0.50: mAP = 70.57 (%)
|tIoU = 0.60: mAP = 57.31 (%)
|tIoU = 0.70: mAP = 41.56 (%)
Avearge mAP: 65.79 (%)
  mAP=65.79%  time=24s  [saved to D:\Code\Tridet\eval_output]

[ 10/ 14] epoch_050.pth.tar
Test: [00020/00212]     Time 0.07 (0.07)
Test: [00040/00212]     Time 0.06 (0.06)
[MetaArch] video #50: backbone+heads=28ms, inference+NMS=26ms (avg over 50 videos)
Test: [00060/00212]     Time 0.06 (0.06)
Test: [00080/00212]     Time 0.06 (0.06)
[MetaArch] video #100: backbone+heads=27ms, inference+NMS=24ms (avg over 100 videos)
Test: [00100/00212]     Time 0.06 (0.06)
Test: [00120/00212]     Time 0.07 (0.06)
Test: [00140/00212]     Time 0.06 (0.06)
[MetaArch] video #150: backbone+heads=27ms, inference+NMS=24ms (avg over 150 videos)
Test: [00160/00212]     Time 0.06 (0.06)
Test: [00180/00212]     Time 0.07 (0.06)
[MetaArch] video #200: backbone+heads=27ms, inference+NMS=25ms (avg over 200 videos)
Test: [00200/00212]     Time 0.06 (0.06)

[Profile] Processed 212 videos
[Profile] Model forward (inference + NMS): 12.3s (100%)
[Profile] Avg per video: 0.06s
[Profile] Result gather + cat: 0.0s
[Profile] torch.cat + .numpy(): 0.00s
[RESULTS] Action detection results on thumos14.

|tIoU = 0.30: mAP = 82.45 (%)
|tIoU = 0.40: mAP = 77.80 (%)
|tIoU = 0.50: mAP = 70.82 (%)
|tIoU = 0.60: mAP = 59.11 (%)
|tIoU = 0.70: mAP = 43.35 (%)
Avearge mAP: 66.71 (%)
  mAP=66.71%  time=24s  [saved to D:\Code\Tridet\eval_output]

[ 11/ 14] epoch_055.pth.tar
Test: [00020/00212]     Time 0.07 (0.07)
Test: [00040/00212]     Time 0.06 (0.06)
[MetaArch] video #50: backbone+heads=29ms, inference+NMS=25ms (avg over 50 videos)
Test: [00060/00212]     Time 0.06 (0.06)
Test: [00080/00212]     Time 0.05 (0.06)
[MetaArch] video #100: backbone+heads=27ms, inference+NMS=24ms (avg over 100 videos)
Test: [00100/00212]     Time 0.06 (0.06)
Test: [00120/00212]     Time 0.07 (0.06)
Test: [00140/00212]     Time 0.06 (0.06)
[MetaArch] video #150: backbone+heads=27ms, inference+NMS=25ms (avg over 150 videos)
Test: [00160/00212]     Time 0.06 (0.06)
Test: [00180/00212]     Time 0.06 (0.06)
[MetaArch] video #200: backbone+heads=27ms, inference+NMS=25ms (avg over 200 videos)
Test: [00200/00212]     Time 0.06 (0.06)

[Profile] Processed 212 videos
[Profile] Model forward (inference + NMS): 12.3s (100%)
[Profile] Avg per video: 0.06s
[Profile] Result gather + cat: 0.0s
[Profile] torch.cat + .numpy(): 0.01s
[RESULTS] Action detection results on thumos14.

|tIoU = 0.30: mAP = 82.37 (%)
|tIoU = 0.40: mAP = 78.09 (%)
|tIoU = 0.50: mAP = 71.07 (%)
|tIoU = 0.60: mAP = 59.39 (%)
|tIoU = 0.70: mAP = 45.14 (%)
Avearge mAP: 67.21 (%)
  mAP=67.21%  time=23s  [saved to D:\Code\Tridet\eval_output]

[ 12/ 14] epoch_060.pth.tar
Test: [00020/00212]     Time 0.07 (0.07)
Test: [00040/00212]     Time 0.06 (0.06)
[MetaArch] video #50: backbone+heads=28ms, inference+NMS=25ms (avg over 50 videos)
Test: [00060/00212]     Time 0.06 (0.06)
Test: [00080/00212]     Time 0.06 (0.06)
[MetaArch] video #100: backbone+heads=26ms, inference+NMS=23ms (avg over 100 videos)
Test: [00100/00212]     Time 0.06 (0.06)
Test: [00120/00212]     Time 0.06 (0.06)
Test: [00140/00212]     Time 0.06 (0.06)
[MetaArch] video #150: backbone+heads=27ms, inference+NMS=23ms (avg over 150 videos)
Test: [00160/00212]     Time 0.06 (0.06)
Test: [00180/00212]     Time 0.06 (0.06)
[MetaArch] video #200: backbone+heads=27ms, inference+NMS=24ms (avg over 200 videos)
Test: [00200/00212]     Time 0.06 (0.06)

[Profile] Processed 212 videos
[Profile] Model forward (inference + NMS): 12.2s (100%)
[Profile] Avg per video: 0.06s
[Profile] Result gather + cat: 0.0s
[Profile] torch.cat + .numpy(): 0.00s
[RESULTS] Action detection results on thumos14.

|tIoU = 0.30: mAP = 82.06 (%)
|tIoU = 0.40: mAP = 77.94 (%)
|tIoU = 0.50: mAP = 71.27 (%)
|tIoU = 0.60: mAP = 59.69 (%)
|tIoU = 0.70: mAP = 45.36 (%)
Avearge mAP: 67.26 (%)
  mAP=67.26%  time=23s  [saved to D:\Code\Tridet\eval_output]

[ 13/ 14] epoch_065.pth.tar
Test: [00020/00212]     Time 0.07 (0.07)
Test: [00040/00212]     Time 0.06 (0.06)
[MetaArch] video #50: backbone+heads=31ms, inference+NMS=23ms (avg over 50 videos)
Test: [00060/00212]     Time 0.05 (0.06)
Test: [00080/00212]     Time 0.05 (0.06)
[MetaArch] video #100: backbone+heads=28ms, inference+NMS=21ms (avg over 100 videos)
Test: [00100/00212]     Time 0.05 (0.06)
Test: [00120/00212]     Time 0.07 (0.06)
Test: [00140/00212]     Time 0.06 (0.06)
[MetaArch] video #150: backbone+heads=29ms, inference+NMS=22ms (avg over 150 videos)
Test: [00160/00212]     Time 0.06 (0.06)
Test: [00180/00212]     Time 0.06 (0.06)
[MetaArch] video #200: backbone+heads=28ms, inference+NMS=23ms (avg over 200 videos)
Test: [00200/00212]     Time 0.06 (0.06)

[Profile] Processed 212 videos
[Profile] Model forward (inference + NMS): 11.9s (100%)
[Profile] Avg per video: 0.06s
[Profile] Result gather + cat: 0.0s
[Profile] torch.cat + .numpy(): 0.00s
[RESULTS] Action detection results on thumos14.

|tIoU = 0.30: mAP = 81.85 (%)
|tIoU = 0.40: mAP = 77.87 (%)
|tIoU = 0.50: mAP = 70.93 (%)
|tIoU = 0.60: mAP = 59.78 (%)
|tIoU = 0.70: mAP = 44.70 (%)
Avearge mAP: 67.02 (%)
  mAP=67.02%  time=22s  [saved to D:\Code\Tridet\eval_output]

[ 14/ 14] epoch_069.pth.tar
Test: [00020/00212]     Time 0.07 (0.07)
Test: [00040/00212]     Time 0.06 (0.06)
[MetaArch] video #50: backbone+heads=27ms, inference+NMS=23ms (avg over 50 videos)
Test: [00060/00212]     Time 0.05 (0.06)
Test: [00080/00212]     Time 0.05 (0.06)
[MetaArch] video #100: backbone+heads=26ms, inference+NMS=22ms (avg over 100 videos)
Test: [00100/00212]     Time 0.05 (0.06)
Test: [00120/00212]     Time 0.06 (0.06)
Test: [00140/00212]     Time 0.06 (0.06)
[MetaArch] video #150: backbone+heads=26ms, inference+NMS=22ms (avg over 150 videos)
Test: [00160/00212]     Time 0.06 (0.06)
Test: [00180/00212]     Time 0.06 (0.06)
[MetaArch] video #200: backbone+heads=27ms, inference+NMS=23ms (avg over 200 videos)
Test: [00200/00212]     Time 0.06 (0.06)

[Profile] Processed 212 videos
[Profile] Model forward (inference + NMS): 11.8s (100%)
[Profile] Avg per video: 0.06s
[Profile] Result gather + cat: 0.0s
[Profile] torch.cat + .numpy(): 0.00s
[RESULTS] Action detection results on thumos14.

|tIoU = 0.30: mAP = 81.61 (%)
|tIoU = 0.40: mAP = 77.38 (%)
|tIoU = 0.50: mAP = 70.25 (%)
|tIoU = 0.60: mAP = 59.67 (%)
|tIoU = 0.70: mAP = 44.58 (%)
Avearge mAP: 66.70 (%)
  mAP=66.70%  time=22s  [saved to D:\Code\Tridet\eval_output]

============================================================
  Sweep Complete — 14 checkpoints
  Best:  epoch  60  mAP = 67.26%
  Worst: epoch   5  mAP = 2.35%
  Output: D:\Code\Tridet\eval_output
============================================================

   Epoch       mAP      Time
  ------  --------  --------
       5     2.35%     32.7s
      10    16.13%     21.0s
      15    34.91%     23.8s
      20    46.16%     25.8s
      25    54.77%     25.6s
      30    59.39%     25.2s
      35    62.00%     24.8s
      40    64.38%     24.5s
      45    65.79%     24.3s
      50    66.71%     23.8s
      55    67.21%     23.3s
      60    67.26%     22.8s <-- BEST
      65    67.02%     22.1s
      69    66.70%     21.9s
