python eval.py .\configs\thumos_i3d_eiou.yaml .\ckpt\thumos_i3d_eiou_test\
(PatternRecognition) PS D:\Code\Tridet> python eval.py .\configs\thumos_i3d_eiou.yaml .\ckpt\thumos_i3d_eiou_test\
{'dataset': {'crop_ratio': [0.9, 1.0],
             'default_fps': None,
             'downsample_rate': 1,
             'feat_folder': 'D:/Code/THUMOS14/thumos/i3d_features',
             'feat_stride': 4,
             'file_ext': '.npy',
             'file_prefix': None,
             'force_upsampling': False,
             'input_dim': 2048,
             'json_file': 'D:/Code/THUMOS14/thumos/annotations/thumos14.json',
             'max_seq_len': 2304,
             'num_classes': 20,
             'num_frames': 16,
             'trunc_thresh': 0.5},
 'dataset_name': 'thumos',
 'devices': ['cuda:0'],
 'init_rand_seed': 1234567891,
 'loader': {'batch_size': 8, 'num_workers': 4},
 'model': {'backbone_arch': [2, 2, 5],
           'backbone_type': 'SGP',
           'bifpn_drop_path': 0.0,
           'bifpn_fusion_method': 'fast_norm',
           'bifpn_num_repeats': 1,
           'boudary_kernel_size': 3,
           'downsample_type': 'max',
           'embd_dim': 512,
           'embd_kernel_size': 3,
           'embd_with_ln': True,
           'fpn_dim': 512,
           'fpn_type': 'identity',
           'fpn_with_ln': True,
           'head_dim': 512,
           'head_kernel_size': 3,
           'head_num_layers': 3,
           'head_with_ln': True,
           'init_conv_vars': 0,
           'input_dim': 2048,
           'input_noise': 0.0005,
           'iou_weight_power': 0.2,
           'k': 5,
           'max_buffer_len_factor': 6.0,
           'max_seq_len': 2304,
           'n_sgp_win_size': 1,
           'num_bins': 16,
           'num_classes': 20,
           'reg_loss_kwargs': {},
           'reg_loss_type': 'eiou',
           'regression_range': [[0, 4],
                                [4, 8],
                                [8, 16],
                                [16, 32],
                                [32, 64],
                                [64, 10000]],
           'scale_factor': 2,
           'sgp_mlp_dim': 768,
           'test_cfg': {'duration_thresh': 0.05,
                        'ext_score_file': None,
                        'iou_threshold': 0.1,
                        'max_seg_num': 2000,
                        'min_score': 0.001,
                        'multiclass_nms': True,
                        'nms_method': 'soft',
                        'nms_sigma': 0.5,
                        'pre_nms_thresh': 0.001,
                        'pre_nms_topk': 2000,
                        'voting_thresh': 0.7},
           'train_cfg': {'center_sample': 'radius',
                         'center_sample_radius': 1.5,
                         'clip_grad_l2norm': 1.0,
                         'cls_prior_prob': 0.01,
                         'dropout': 0.0,
                         'droppath': 0.1,
                         'head_empty_cls': [],
                         'init_loss_norm': 100,
                         'label_smoothing': 0.0,
                         'loss_weight': 1.0},
           'use_abs_pe': False,
           'use_trident_head': True},
 'model_name': 'TriDet',
 'opt': {'epochs': 60,
         'eta_min': 1e-08,
         'learning_rate': 0.0001,
         'momentum': 0.9,
         'schedule_gamma': 0.1,
         'schedule_steps': [],
         'schedule_type': 'cosine',
         'type': 'AdamW',
         'warmup': True,
         'warmup_epochs': 20,
         'weight_decay': 0.025},
 'output_folder': './ckpt/',
 'test_cfg': {'duration_thresh': 0.05,
              'ext_score_file': None,
              'iou_threshold': 0.1,
              'max_seg_num': 2000,
              'min_score': 0.001,
              'multiclass_nms': True,
              'nms_method': 'soft',
              'nms_sigma': 0.5,
              'pre_nms_thresh': 0.001,
              'pre_nms_topk': 2000,
              'voting_thresh': 0.7},
 'train_cfg': {'center_sample': 'radius',
               'center_sample_radius': 1.5,
               'clip_grad_l2norm': 1.0,
               'cls_prior_prob': 0.01,
               'dropout': 0.0,
               'droppath': 0.1,
               'head_empty_cls': [],
               'init_loss_norm': 100,
               'label_smoothing': 0.0,
               'loss_weight': 1.0},
 'train_split': ['validation'],
 'val_split': ['test']}
=> loading checkpoint '.\ckpt\thumos_i3d_eiou_test\epoch_079.pth.tar'
Loading from EMA model ...

Start testing model TriDet ...
[NMS] Using C extension backend (nms_1d_cpu)
Test: [00010/00212]     Time 0.95 (0.95)
Test: [00020/00212]     Time 0.06 (0.51)
Test: [00030/00212]     Time 0.06 (0.36)
Test: [00040/00212]     Time 0.06 (0.28)
[MetaArch] video #50: backbone+heads=36ms, inference+NMS=29ms (avg over 50 videos)
Test: [00050/00212]     Time 0.06 (0.24)
Test: [00060/00212]     Time 0.06 (0.21)
Test: [00070/00212]     Time 0.05 (0.19)
Test: [00080/00212]     Time 0.06 (0.17)
Test: [00090/00212]     Time 0.06 (0.16)
[MetaArch] video #100: backbone+heads=32ms, inference+NMS=26ms (avg over 100 videos)
Test: [00100/00212]     Time 0.06 (0.15)
Test: [00110/00212]     Time 0.08 (0.14)
Test: [00120/00212]     Time 0.06 (0.13)
Test: [00130/00212]     Time 0.06 (0.13)
Test: [00140/00212]     Time 0.06 (0.12)
[MetaArch] video #150: backbone+heads=30ms, inference+NMS=26ms (avg over 150 videos)
Test: [00150/00212]     Time 0.05 (0.12)
Test: [00160/00212]     Time 0.07 (0.12)
Test: [00170/00212]     Time 0.08 (0.11)
Test: [00180/00212]     Time 0.05 (0.11)
Test: [00190/00212]     Time 0.07 (0.11)
[MetaArch] video #200: backbone+heads=30ms, inference+NMS=27ms (avg over 200 videos)
Test: [00200/00212]     Time 0.06 (0.11)
Test: [00210/00212]     Time 0.06 (0.10)

[Profile] Processed 212 videos
[Profile] Model forward (inference + NMS): 13.2s (100%)
[Profile] Avg per video: 0.06s
[Profile] Result gather + cat: 0.0s
[Profile] torch.cat + .numpy(): 0.00s
[RESULTS] Action detection results on thumos14.

|tIoU = 0.30: mAP = 82.51 (%)
|tIoU = 0.40: mAP = 78.20 (%)
|tIoU = 0.50: mAP = 70.67 (%)
|tIoU = 0.60: mAP = 59.27 (%)
|tIoU = 0.70: mAP = 44.54 (%)
Avearge mAP: 67.04 (%)
All done! Total time: 37.48 sec

python eval.py .\configs\thumos_i3d_alpha_diou.yaml .\ckpt\thumos_i3d_alpha_diou_test\
(PatternRecognition) PS D:\Code\Tridet> python eval.py .\configs\thumos_i3d_alpha_diou.yaml .\ckpt\thumos_i3d_alpha_diou_test\
{'dataset': {'crop_ratio': [0.9, 1.0],
             'default_fps': None,
             'downsample_rate': 1,
             'feat_folder': 'D:/Code/THUMOS14/thumos/i3d_features',
             'feat_stride': 4,
             'file_ext': '.npy',
             'file_prefix': None,
             'force_upsampling': False,
             'input_dim': 2048,
             'json_file': 'D:/Code/THUMOS14/thumos/annotations/thumos14.json',
             'max_seq_len': 2304,
             'num_classes': 20,
             'num_frames': 16,
             'trunc_thresh': 0.5},
 'dataset_name': 'thumos',
 'devices': ['cuda:0'],
 'init_rand_seed': 1234567891,
 'loader': {'batch_size': 8, 'num_workers': 4},
 'model': {'backbone_arch': [2, 2, 5],
           'backbone_type': 'SGP',
           'bifpn_drop_path': 0.0,
           'bifpn_fusion_method': 'fast_norm',
           'bifpn_num_repeats': 1,
           'boudary_kernel_size': 3,
           'downsample_type': 'max',
           'embd_dim': 512,
           'embd_kernel_size': 3,
           'embd_with_ln': True,
           'fpn_dim': 512,
           'fpn_type': 'identity',
           'fpn_with_ln': True,
           'head_dim': 512,
           'head_kernel_size': 3,
           'head_num_layers': 3,
           'head_with_ln': True,
           'init_conv_vars': 0,
           'input_dim': 2048,
           'input_noise': 0.0005,
           'iou_weight_power': 0.2,
           'k': 5,
           'max_buffer_len_factor': 6.0,
           'max_seq_len': 2304,
           'n_sgp_win_size': 1,
           'num_bins': 16,
           'num_classes': 20,
           'reg_loss_kwargs': {'alpha': 3},
           'reg_loss_type': 'alpha_diou',
           'regression_range': [[0, 4],
                                [4, 8],
                                [8, 16],
                                [16, 32],
                                [32, 64],
                                [64, 10000]],
           'scale_factor': 2,
           'sgp_mlp_dim': 768,
           'test_cfg': {'duration_thresh': 0.05,
                        'ext_score_file': None,
                        'iou_threshold': 0.1,
                        'max_seg_num': 2000,
                        'min_score': 0.001,
                        'multiclass_nms': True,
                        'nms_method': 'soft',
                        'nms_sigma': 0.5,
                        'pre_nms_thresh': 0.001,
                        'pre_nms_topk': 2000,
                        'voting_thresh': 0.7},
           'train_cfg': {'center_sample': 'radius',
                         'center_sample_radius': 1.5,
                         'clip_grad_l2norm': 1.0,
                         'cls_prior_prob': 0.01,
                         'dropout': 0.0,
                         'droppath': 0.1,
                         'head_empty_cls': [],
                         'init_loss_norm': 100,
                         'label_smoothing': 0.0,
                         'loss_weight': 1.0},
           'use_abs_pe': False,
           'use_trident_head': True},
 'model_name': 'TriDet',
 'opt': {'epochs': 60,
         'eta_min': 1e-08,
         'learning_rate': 0.0001,
         'momentum': 0.9,
         'schedule_gamma': 0.1,
         'schedule_steps': [],
         'schedule_type': 'cosine',
         'type': 'AdamW',
         'warmup': True,
         'warmup_epochs': 20,
         'weight_decay': 0.025},
 'output_folder': './ckpt/',
 'test_cfg': {'duration_thresh': 0.05,
              'ext_score_file': None,
              'iou_threshold': 0.1,
              'max_seg_num': 2000,
              'min_score': 0.001,
              'multiclass_nms': True,
              'nms_method': 'soft',
              'nms_sigma': 0.5,
              'pre_nms_thresh': 0.001,
              'pre_nms_topk': 2000,
              'voting_thresh': 0.7},
 'train_cfg': {'center_sample': 'radius',
               'center_sample_radius': 1.5,
               'clip_grad_l2norm': 1.0,
               'cls_prior_prob': 0.01,
               'dropout': 0.0,
               'droppath': 0.1,
               'head_empty_cls': [],
               'init_loss_norm': 100,
               'label_smoothing': 0.0,
               'loss_weight': 1.0},
 'train_split': ['validation'],
 'val_split': ['test']}
=> loading checkpoint '.\ckpt\thumos_i3d_alpha_diou_test\epoch_079.pth.tar'
Loading from EMA model ...

Start testing model TriDet ...
[NMS] Using C extension backend (nms_1d_cpu)
Test: [00010/00212]     Time 0.97 (0.97)
Test: [00020/00212]     Time 0.06 (0.52)
Test: [00030/00212]     Time 0.06 (0.36)
Test: [00040/00212]     Time 0.06 (0.29)
[MetaArch] video #50: backbone+heads=37ms, inference+NMS=31ms (avg over 50 videos)
Test: [00050/00212]     Time 0.06 (0.24)
Test: [00060/00212]     Time 0.06 (0.21)
Test: [00070/00212]     Time 0.05 (0.19)
Test: [00080/00212]     Time 0.06 (0.17)
Test: [00090/00212]     Time 0.06 (0.16)
[MetaArch] video #100: backbone+heads=32ms, inference+NMS=28ms (avg over 100 videos)
Test: [00100/00212]     Time 0.06 (0.15)
Test: [00110/00212]     Time 0.08 (0.14)
Test: [00120/00212]     Time 0.06 (0.14)
Test: [00130/00212]     Time 0.06 (0.13)
Test: [00140/00212]     Time 0.06 (0.13)
[MetaArch] video #150: backbone+heads=31ms, inference+NMS=27ms (avg over 150 videos)
Test: [00150/00212]     Time 0.05 (0.12)
Test: [00160/00212]     Time 0.07 (0.12)
Test: [00170/00212]     Time 0.09 (0.12)
Test: [00180/00212]     Time 0.06 (0.11)
Test: [00190/00212]     Time 0.07 (0.11)
[MetaArch] video #200: backbone+heads=31ms, inference+NMS=28ms (avg over 200 videos)
Test: [00200/00212]     Time 0.06 (0.11)
Test: [00210/00212]     Time 0.06 (0.11)

[Profile] Processed 212 videos
[Profile] Model forward (inference + NMS): 13.4s (100%)
[Profile] Avg per video: 0.06s
[Profile] Result gather + cat: 0.0s
[Profile] torch.cat + .numpy(): 0.00s
[RESULTS] Action detection results on thumos14.

|tIoU = 0.30: mAP = 82.08 (%)
|tIoU = 0.40: mAP = 77.75 (%)
|tIoU = 0.50: mAP = 70.76 (%)
|tIoU = 0.60: mAP = 57.47 (%)
|tIoU = 0.70: mAP = 42.37 (%)
Avearge mAP: 66.09 (%)
All done! Total time: 37.14 sec

python eval.py .\configs\thumos_i3d_focaler_diou.yaml .\ckpt\thumos_i3d_focaler_diou_test\
(PatternRecognition) PS D:\Code\Tridet> python eval.py .\configs\thumos_i3d_focaler_diou.yaml .\ckpt\thumos_i3d_focaler_diou_test\
{'dataset': {'crop_ratio': [0.9, 1.0],
             'default_fps': None,
             'downsample_rate': 1,
             'feat_folder': 'D:/Code/THUMOS14/thumos/i3d_features',
             'feat_stride': 4,
             'file_ext': '.npy',
             'file_prefix': None,
             'force_upsampling': False,
             'input_dim': 2048,
             'json_file': 'D:/Code/THUMOS14/thumos/annotations/thumos14.json',
             'max_seq_len': 2304,
             'num_classes': 20,
             'num_frames': 16,
             'trunc_thresh': 0.5},
 'dataset_name': 'thumos',
 'devices': ['cuda:0'],
 'init_rand_seed': 1234567891,
 'loader': {'batch_size': 8, 'num_workers': 4},
 'model': {'backbone_arch': [2, 2, 5],
           'backbone_type': 'SGP',
           'bifpn_drop_path': 0.0,
           'bifpn_fusion_method': 'fast_norm',
           'bifpn_num_repeats': 1,
           'boudary_kernel_size': 3,
           'downsample_type': 'max',
           'embd_dim': 512,
           'embd_kernel_size': 3,
           'embd_with_ln': True,
           'fpn_dim': 512,
           'fpn_type': 'identity',
           'fpn_with_ln': True,
           'head_dim': 512,
           'head_kernel_size': 3,
           'head_num_layers': 3,
           'head_with_ln': True,
           'init_conv_vars': 0,
           'input_dim': 2048,
           'input_noise': 0.0005,
           'iou_weight_power': 0.2,
           'k': 5,
           'max_buffer_len_factor': 6.0,
           'max_seq_len': 2304,
           'n_sgp_win_size': 1,
           'num_bins': 16,
           'num_classes': 20,
           'reg_loss_kwargs': {'d': 0.0, 'u': 0.95},
           'reg_loss_type': 'focaler_diou',
           'regression_range': [[0, 4],
                                [4, 8],
                                [8, 16],
                                [16, 32],
                                [32, 64],
                                [64, 10000]],
           'scale_factor': 2,
           'sgp_mlp_dim': 768,
           'test_cfg': {'duration_thresh': 0.05,
                        'ext_score_file': None,
                        'iou_threshold': 0.1,
                        'max_seg_num': 2000,
                        'min_score': 0.001,
                        'multiclass_nms': True,
                        'nms_method': 'soft',
                        'nms_sigma': 0.5,
                        'pre_nms_thresh': 0.001,
                        'pre_nms_topk': 2000,
                        'voting_thresh': 0.7},
           'train_cfg': {'center_sample': 'radius',
                         'center_sample_radius': 1.5,
                         'clip_grad_l2norm': 1.0,
                         'cls_prior_prob': 0.01,
                         'dropout': 0.0,
                         'droppath': 0.1,
                         'head_empty_cls': [],
                         'init_loss_norm': 100,
                         'label_smoothing': 0.0,
                         'loss_weight': 1.0},
           'use_abs_pe': False,
           'use_trident_head': True},
 'model_name': 'TriDet',
 'opt': {'epochs': 60,
         'eta_min': 1e-08,
         'learning_rate': 0.0001,
         'momentum': 0.9,
         'schedule_gamma': 0.1,
         'schedule_steps': [],
         'schedule_type': 'cosine',
         'type': 'AdamW',
         'warmup': True,
         'warmup_epochs': 20,
         'weight_decay': 0.025},
 'output_folder': './ckpt/',
 'test_cfg': {'duration_thresh': 0.05,
              'ext_score_file': None,
              'iou_threshold': 0.1,
              'max_seg_num': 2000,
              'min_score': 0.001,
              'multiclass_nms': True,
              'nms_method': 'soft',
              'nms_sigma': 0.5,
              'pre_nms_thresh': 0.001,
              'pre_nms_topk': 2000,
              'voting_thresh': 0.7},
 'train_cfg': {'center_sample': 'radius',
               'center_sample_radius': 1.5,
               'clip_grad_l2norm': 1.0,
               'cls_prior_prob': 0.01,
               'dropout': 0.0,
               'droppath': 0.1,
               'head_empty_cls': [],
               'init_loss_norm': 100,
               'label_smoothing': 0.0,
               'loss_weight': 1.0},
 'train_split': ['validation'],
 'val_split': ['test']}
=> loading checkpoint '.\ckpt\thumos_i3d_focaler_diou_test\epoch_079.pth.tar'
Loading from EMA model ...

Start testing model TriDet ...
[NMS] Using C extension backend (nms_1d_cpu)
Test: [00010/00212]     Time 0.99 (0.99)
Test: [00020/00212]     Time 0.06 (0.52)
Test: [00030/00212]     Time 0.06 (0.37)
Test: [00040/00212]     Time 0.07 (0.29)
[MetaArch] video #50: backbone+heads=39ms, inference+NMS=31ms (avg over 50 videos)
Test: [00050/00212]     Time 0.06 (0.25)
Test: [00060/00212]     Time 0.06 (0.22)
Test: [00070/00212]     Time 0.05 (0.19)
Test: [00080/00212]     Time 0.06 (0.18)
Test: [00090/00212]     Time 0.06 (0.16)
[MetaArch] video #100: backbone+heads=34ms, inference+NMS=28ms (avg over 100 videos)
Test: [00100/00212]     Time 0.06 (0.15)
Test: [00110/00212]     Time 0.08 (0.15)
Test: [00120/00212]     Time 0.06 (0.14)
Test: [00130/00212]     Time 0.06 (0.13)
Test: [00140/00212]     Time 0.06 (0.13)
[MetaArch] video #150: backbone+heads=32ms, inference+NMS=27ms (avg over 150 videos)
Test: [00150/00212]     Time 0.05 (0.12)
Test: [00160/00212]     Time 0.08 (0.12)
Test: [00170/00212]     Time 0.08 (0.12)
Test: [00180/00212]     Time 0.05 (0.11)
Test: [00190/00212]     Time 0.07 (0.11)
[MetaArch] video #200: backbone+heads=32ms, inference+NMS=27ms (avg over 200 videos)
Test: [00200/00212]     Time 0.06 (0.11)
Test: [00210/00212]     Time 0.06 (0.11)

[Profile] Processed 212 videos
[Profile] Model forward (inference + NMS): 13.5s (100%)
[Profile] Avg per video: 0.06s
[Profile] Result gather + cat: 0.0s
[Profile] torch.cat + .numpy(): 0.00s
[RESULTS] Action detection results on thumos14.

|tIoU = 0.30: mAP = 82.73 (%)
|tIoU = 0.40: mAP = 78.68 (%)
|tIoU = 0.50: mAP = 71.93 (%)
|tIoU = 0.60: mAP = 59.53 (%)
|tIoU = 0.70: mAP = 44.15 (%)
Avearge mAP: 67.40 (%)
All done! Total time: 37.44 sec
